GpuFreq=control_disabled
GpuFreq=control_disabled
E0702 02:01:20.806381 1362199 numa_hwloc.cc:121] Call to hwloc_set_cpubind() failed: Invalid argument [22]
E0702 02:01:20.806529 1362200 numa_hwloc.cc:121] Call to hwloc_set_cpubind() failed: Invalid argument [22]
E0702 02:01:20.806607 1362201 numa_hwloc.cc:121] Call to hwloc_set_cpubind() failed: Invalid argument [22]
E0702 02:01:20.817048 1362202 numa_hwloc.cc:121] Call to hwloc_set_cpubind() failed: Invalid argument [22]
E0702 02:01:20.817196 1362203 numa_hwloc.cc:121] Call to hwloc_set_cpubind() failed: Invalid argument [22]
E0702 02:01:20.817266 1362204 numa_hwloc.cc:121] Call to hwloc_set_cpubind() failed: Invalid argument [22]
E0702 02:01:20.817538 1362205 numa_hwloc.cc:121] Call to hwloc_set_cpubind() failed: Invalid argument [22]
E0702 02:01:20.817652 1362206 numa_hwloc.cc:121] Call to hwloc_set_cpubind() failed: Invalid argument [22]
E0702 02:01:20.817732 1362207 numa_hwloc.cc:121] Call to hwloc_set_cpubind() failed: Invalid argument [22]
E0702 02:01:21.009496 1361518 ptx_compiler_helpers.cc:157] *** WARNING *** Invoking ptxas with version 12.4.131, which corresponds to a CUDA version <=12.6.2. CUDA versions 12.x.y up to and including 12.6.2 miscompile certain edge cases around clamping.
Please upgrade to CUDA 12.6.3 or newer.
E0702 02:01:21.009658 1361517 ptx_compiler_helpers.cc:157] *** WARNING *** Invoking ptxas with version 12.4.131, which corresponds to a CUDA version <=12.6.2. CUDA versions 12.x.y up to and including 12.6.2 miscompile certain edge cases around clamping.
Please upgrade to CUDA 12.6.3 or newer.
E0702 02:01:21.009876 1361515 ptx_compiler_helpers.cc:157] *** WARNING *** Invoking ptxas with version 12.4.131, which corresponds to a CUDA version <=12.6.2. CUDA versions 12.x.y up to and including 12.6.2 miscompile certain edge cases around clamping.
Please upgrade to CUDA 12.6.3 or newer.
E0702 02:01:21.010001 2003018 ptx_compiler_helpers.cc:157] *** WARNING *** Invoking ptxas with version 12.4.131, which corresponds to a CUDA version <=12.6.2. CUDA versions 12.x.y up to and including 12.6.2 miscompile certain edge cases around clamping.
Please upgrade to CUDA 12.6.3 or newer.
E0702 02:01:21.010520 2003017 ptx_compiler_helpers.cc:157] *** WARNING *** Invoking ptxas with version 12.4.131, which corresponds to a CUDA version <=12.6.2. CUDA versions 12.x.y up to and including 12.6.2 miscompile certain edge cases around clamping.
Please upgrade to CUDA 12.6.3 or newer.
E0702 02:01:21.010521 2003020 ptx_compiler_helpers.cc:157] *** WARNING *** Invoking ptxas with version 12.4.131, which corresponds to a CUDA version <=12.6.2. CUDA versions 12.x.y up to and including 12.6.2 miscompile certain edge cases around clamping.
Please upgrade to CUDA 12.6.3 or newer.
E0702 02:01:21.010816 2003019 ptx_compiler_helpers.cc:157] *** WARNING *** Invoking ptxas with version 12.4.131, which corresponds to a CUDA version <=12.6.2. CUDA versions 12.x.y up to and including 12.6.2 miscompile certain edge cases around clamping.
Please upgrade to CUDA 12.6.3 or newer.
E0702 02:01:21.017881 1361516 ptx_compiler_helpers.cc:157] *** WARNING *** Invoking ptxas with version 12.4.131, which corresponds to a CUDA version <=12.6.2. CUDA versions 12.x.y up to and including 12.6.2 miscompile certain edge cases around clamping.
Please upgrade to CUDA 12.6.3 or newer.
W0702 02:01:22.409174 2003017 sharding_propagation.cc:3130] GSPMD sharding propagation is going to be deprecated and not supported in the future. Please consider migrating to Shardy (https://openxla.org/shardy). For reference, Shardy is already the default partitioner in JAX.
W0702 02:01:22.416818 2003020 sharding_propagation.cc:3130] GSPMD sharding propagation is going to be deprecated and not supported in the future. Please consider migrating to Shardy (https://openxla.org/shardy). For reference, Shardy is already the default partitioner in JAX.
W0702 02:01:22.417873 2003018 sharding_propagation.cc:3130] GSPMD sharding propagation is going to be deprecated and not supported in the future. Please consider migrating to Shardy (https://openxla.org/shardy). For reference, Shardy is already the default partitioner in JAX.
W0702 02:01:22.418266 2003019 sharding_propagation.cc:3130] GSPMD sharding propagation is going to be deprecated and not supported in the future. Please consider migrating to Shardy (https://openxla.org/shardy). For reference, Shardy is already the default partitioner in JAX.
W0702 02:01:22.471830 1361515 sharding_propagation.cc:3130] GSPMD sharding propagation is going to be deprecated and not supported in the future. Please consider migrating to Shardy (https://openxla.org/shardy). For reference, Shardy is already the default partitioner in JAX.
W0702 02:01:22.473958 1361517 sharding_propagation.cc:3130] GSPMD sharding propagation is going to be deprecated and not supported in the future. Please consider migrating to Shardy (https://openxla.org/shardy). For reference, Shardy is already the default partitioner in JAX.
W0702 02:01:22.475453 1361518 sharding_propagation.cc:3130] GSPMD sharding propagation is going to be deprecated and not supported in the future. Please consider migrating to Shardy (https://openxla.org/shardy). For reference, Shardy is already the default partitioner in JAX.
W0702 02:01:22.477984 1361516 sharding_propagation.cc:3130] GSPMD sharding propagation is going to be deprecated and not supported in the future. Please consider migrating to Shardy (https://openxla.org/shardy). For reference, Shardy is already the default partitioner in JAX.
W0702 02:01:22.602512 2003017 sharding_propagation.cc:3130] GSPMD sharding propagation is going to be deprecated and not supported in the future. Please consider migrating to Shardy (https://openxla.org/shardy). For reference, Shardy is already the default partitioner in JAX.
W0702 02:01:22.614993 2003019 sharding_propagation.cc:3130] GSPMD sharding propagation is going to be deprecated and not supported in the future. Please consider migrating to Shardy (https://openxla.org/shardy). For reference, Shardy is already the default partitioner in JAX.
W0702 02:01:22.618654 2003020 sharding_propagation.cc:3130] GSPMD sharding propagation is going to be deprecated and not supported in the future. Please consider migrating to Shardy (https://openxla.org/shardy). For reference, Shardy is already the default partitioner in JAX.
W0702 02:01:22.618746 2003018 sharding_propagation.cc:3130] GSPMD sharding propagation is going to be deprecated and not supported in the future. Please consider migrating to Shardy (https://openxla.org/shardy). For reference, Shardy is already the default partitioner in JAX.
W0702 02:01:22.665122 1361515 sharding_propagation.cc:3130] GSPMD sharding propagation is going to be deprecated and not supported in the future. Please consider migrating to Shardy (https://openxla.org/shardy). For reference, Shardy is already the default partitioner in JAX.
W0702 02:01:22.671423 1361518 sharding_propagation.cc:3130] GSPMD sharding propagation is going to be deprecated and not supported in the future. Please consider migrating to Shardy (https://openxla.org/shardy). For reference, Shardy is already the default partitioner in JAX.
W0702 02:01:22.678014 1361516 sharding_propagation.cc:3130] GSPMD sharding propagation is going to be deprecated and not supported in the future. Please consider migrating to Shardy (https://openxla.org/shardy). For reference, Shardy is already the default partitioner in JAX.
W0702 02:01:22.679269 1361517 sharding_propagation.cc:3130] GSPMD sharding propagation is going to be deprecated and not supported in the future. Please consider migrating to Shardy (https://openxla.org/shardy). For reference, Shardy is already the default partitioner in JAX.
W0702 02:01:25.227276 2003018 sharding_propagation.cc:3130] GSPMD sharding propagation is going to be deprecated and not supported in the future. Please consider migrating to Shardy (https://openxla.org/shardy). For reference, Shardy is already the default partitioner in JAX.
W0702 02:01:25.227420 2003020 sharding_propagation.cc:3130] GSPMD sharding propagation is going to be deprecated and not supported in the future. Please consider migrating to Shardy (https://openxla.org/shardy). For reference, Shardy is already the default partitioner in JAX.
W0702 02:01:25.228022 2003019 sharding_propagation.cc:3130] GSPMD sharding propagation is going to be deprecated and not supported in the future. Please consider migrating to Shardy (https://openxla.org/shardy). For reference, Shardy is already the default partitioner in JAX.
W0702 02:01:25.228439 2003017 sharding_propagation.cc:3130] GSPMD sharding propagation is going to be deprecated and not supported in the future. Please consider migrating to Shardy (https://openxla.org/shardy). For reference, Shardy is already the default partitioner in JAX.
W0702 02:01:25.228375 1361515 sharding_propagation.cc:3130] GSPMD sharding propagation is going to be deprecated and not supported in the future. Please consider migrating to Shardy (https://openxla.org/shardy). For reference, Shardy is already the default partitioner in JAX.
W0702 02:01:25.228663 1361516 sharding_propagation.cc:3130] GSPMD sharding propagation is going to be deprecated and not supported in the future. Please consider migrating to Shardy (https://openxla.org/shardy). For reference, Shardy is already the default partitioner in JAX.
W0702 02:01:25.229237 1361517 sharding_propagation.cc:3130] GSPMD sharding propagation is going to be deprecated and not supported in the future. Please consider migrating to Shardy (https://openxla.org/shardy). For reference, Shardy is already the default partitioner in JAX.
W0702 02:01:25.229870 1361518 sharding_propagation.cc:3130] GSPMD sharding propagation is going to be deprecated and not supported in the future. Please consider migrating to Shardy (https://openxla.org/shardy). For reference, Shardy is already the default partitioner in JAX.
W0702 02:01:25.360287 2003020 sharding_propagation.cc:3130] GSPMD sharding propagation is going to be deprecated and not supported in the future. Please consider migrating to Shardy (https://openxla.org/shardy). For reference, Shardy is already the default partitioner in JAX.
W0702 02:01:25.362950 2003017 sharding_propagation.cc:3130] GSPMD sharding propagation is going to be deprecated and not supported in the future. Please consider migrating to Shardy (https://openxla.org/shardy). For reference, Shardy is already the default partitioner in JAX.
W0702 02:01:25.363204 2003018 sharding_propagation.cc:3130] GSPMD sharding propagation is going to be deprecated and not supported in the future. Please consider migrating to Shardy (https://openxla.org/shardy). For reference, Shardy is already the default partitioner in JAX.
W0702 02:01:25.368956 1361515 sharding_propagation.cc:3130] GSPMD sharding propagation is going to be deprecated and not supported in the future. Please consider migrating to Shardy (https://openxla.org/shardy). For reference, Shardy is already the default partitioner in JAX.
W0702 02:01:25.373583 2003019 sharding_propagation.cc:3130] GSPMD sharding propagation is going to be deprecated and not supported in the future. Please consider migrating to Shardy (https://openxla.org/shardy). For reference, Shardy is already the default partitioner in JAX.
W0702 02:01:25.400845 1361516 sharding_propagation.cc:3130] GSPMD sharding propagation is going to be deprecated and not supported in the future. Please consider migrating to Shardy (https://openxla.org/shardy). For reference, Shardy is already the default partitioner in JAX.
W0702 02:01:25.409323 1361517 sharding_propagation.cc:3130] GSPMD sharding propagation is going to be deprecated and not supported in the future. Please consider migrating to Shardy (https://openxla.org/shardy). For reference, Shardy is already the default partitioner in JAX.
W0702 02:01:25.427798 1361518 sharding_propagation.cc:3130] GSPMD sharding propagation is going to be deprecated and not supported in the future. Please consider migrating to Shardy (https://openxla.org/shardy). For reference, Shardy is already the default partitioner in JAX.
W0702 02:01:26.270868 1361518 sharding_propagation.cc:3130] GSPMD sharding propagation is going to be deprecated and not supported in the future. Please consider migrating to Shardy (https://openxla.org/shardy). For reference, Shardy is already the default partitioner in JAX.
W0702 02:01:26.277032 2003020 sharding_propagation.cc:3130] GSPMD sharding propagation is going to be deprecated and not supported in the future. Please consider migrating to Shardy (https://openxla.org/shardy). For reference, Shardy is already the default partitioner in JAX.
W0702 02:01:26.280861 2003018 sharding_propagation.cc:3130] GSPMD sharding propagation is going to be deprecated and not supported in the future. Please consider migrating to Shardy (https://openxla.org/shardy). For reference, Shardy is already the default partitioner in JAX.
W0702 02:01:26.286694 2003017 sharding_propagation.cc:3130] GSPMD sharding propagation is going to be deprecated and not supported in the future. Please consider migrating to Shardy (https://openxla.org/shardy). For reference, Shardy is already the default partitioner in JAX.
W0702 02:01:26.294766 1361515 sharding_propagation.cc:3130] GSPMD sharding propagation is going to be deprecated and not supported in the future. Please consider migrating to Shardy (https://openxla.org/shardy). For reference, Shardy is already the default partitioner in JAX.
W0702 02:01:26.297314 1361517 sharding_propagation.cc:3130] GSPMD sharding propagation is going to be deprecated and not supported in the future. Please consider migrating to Shardy (https://openxla.org/shardy). For reference, Shardy is already the default partitioner in JAX.
W0702 02:01:26.305560 2003019 sharding_propagation.cc:3130] GSPMD sharding propagation is going to be deprecated and not supported in the future. Please consider migrating to Shardy (https://openxla.org/shardy). For reference, Shardy is already the default partitioner in JAX.
W0702 02:01:26.312827 1361516 sharding_propagation.cc:3130] GSPMD sharding propagation is going to be deprecated and not supported in the future. Please consider migrating to Shardy (https://openxla.org/shardy). For reference, Shardy is already the default partitioner in JAX.
W0702 02:01:26.312868 1361518 hlo_rematerialization.cc:3233] Can't reduce memory use below 81.86GiB (87894663522 bytes) by rematerialization; only reduced to 91.88GiB (98650030488 bytes), down from 91.88GiB (98650030492 bytes) originally
W0702 02:01:26.323241 2003018 hlo_rematerialization.cc:3233] Can't reduce memory use below 81.86GiB (87894663522 bytes) by rematerialization; only reduced to 91.88GiB (98650030488 bytes), down from 91.88GiB (98650030492 bytes) originally
W0702 02:01:26.323247 2003020 hlo_rematerialization.cc:3233] Can't reduce memory use below 81.86GiB (87894663522 bytes) by rematerialization; only reduced to 91.88GiB (98650030488 bytes), down from 91.88GiB (98650030492 bytes) originally
W0702 02:01:26.328672 2003017 hlo_rematerialization.cc:3233] Can't reduce memory use below 81.86GiB (87894663522 bytes) by rematerialization; only reduced to 91.88GiB (98650030488 bytes), down from 91.88GiB (98650030492 bytes) originally
W0702 02:01:26.335927 1361515 hlo_rematerialization.cc:3233] Can't reduce memory use below 81.86GiB (87894663522 bytes) by rematerialization; only reduced to 91.88GiB (98650030488 bytes), down from 91.88GiB (98650030492 bytes) originally
W0702 02:01:26.339787 1361517 hlo_rematerialization.cc:3233] Can't reduce memory use below 81.86GiB (87894663522 bytes) by rematerialization; only reduced to 91.88GiB (98650030488 bytes), down from 91.88GiB (98650030492 bytes) originally
W0702 02:01:26.348102 2003019 hlo_rematerialization.cc:3233] Can't reduce memory use below 81.86GiB (87894663522 bytes) by rematerialization; only reduced to 91.88GiB (98650030488 bytes), down from 91.88GiB (98650030492 bytes) originally
W0702 02:01:26.355937 1361516 hlo_rematerialization.cc:3233] Can't reduce memory use below 81.86GiB (87894663522 bytes) by rematerialization; only reduced to 91.88GiB (98650030488 bytes), down from 91.88GiB (98650030492 bytes) originally
W0702 02:01:59.177075 1361518 sharding_propagation.cc:3130] GSPMD sharding propagation is going to be deprecated and not supported in the future. Please consider migrating to Shardy (https://openxla.org/shardy). For reference, Shardy is already the default partitioner in JAX.
W0702 02:01:59.178696 2003017 sharding_propagation.cc:3130] GSPMD sharding propagation is going to be deprecated and not supported in the future. Please consider migrating to Shardy (https://openxla.org/shardy). For reference, Shardy is already the default partitioner in JAX.
W0702 02:01:59.185022 2003018 sharding_propagation.cc:3130] GSPMD sharding propagation is going to be deprecated and not supported in the future. Please consider migrating to Shardy (https://openxla.org/shardy). For reference, Shardy is already the default partitioner in JAX.
W0702 02:01:59.186305 1361517 sharding_propagation.cc:3130] GSPMD sharding propagation is going to be deprecated and not supported in the future. Please consider migrating to Shardy (https://openxla.org/shardy). For reference, Shardy is already the default partitioner in JAX.
W0702 02:01:59.195709 1361516 sharding_propagation.cc:3130] GSPMD sharding propagation is going to be deprecated and not supported in the future. Please consider migrating to Shardy (https://openxla.org/shardy). For reference, Shardy is already the default partitioner in JAX.
W0702 02:01:59.195932 2003019 sharding_propagation.cc:3130] GSPMD sharding propagation is going to be deprecated and not supported in the future. Please consider migrating to Shardy (https://openxla.org/shardy). For reference, Shardy is already the default partitioner in JAX.
W0702 02:01:59.199162 2003020 sharding_propagation.cc:3130] GSPMD sharding propagation is going to be deprecated and not supported in the future. Please consider migrating to Shardy (https://openxla.org/shardy). For reference, Shardy is already the default partitioner in JAX.
W0702 02:01:59.201207 1361515 sharding_propagation.cc:3130] GSPMD sharding propagation is going to be deprecated and not supported in the future. Please consider migrating to Shardy (https://openxla.org/shardy). For reference, Shardy is already the default partitioner in JAX.
W0702 02:01:59.240065 2003020 sharding_propagation.cc:3130] GSPMD sharding propagation is going to be deprecated and not supported in the future. Please consider migrating to Shardy (https://openxla.org/shardy). For reference, Shardy is already the default partitioner in JAX.
W0702 02:01:59.240620 1361517 sharding_propagation.cc:3130] GSPMD sharding propagation is going to be deprecated and not supported in the future. Please consider migrating to Shardy (https://openxla.org/shardy). For reference, Shardy is already the default partitioner in JAX.
W0702 02:01:59.240758 1361518 sharding_propagation.cc:3130] GSPMD sharding propagation is going to be deprecated and not supported in the future. Please consider migrating to Shardy (https://openxla.org/shardy). For reference, Shardy is already the default partitioner in JAX.
W0702 02:01:59.240668 2003019 sharding_propagation.cc:3130] GSPMD sharding propagation is going to be deprecated and not supported in the future. Please consider migrating to Shardy (https://openxla.org/shardy). For reference, Shardy is already the default partitioner in JAX.
W0702 02:01:59.240953 2003018 sharding_propagation.cc:3130] GSPMD sharding propagation is going to be deprecated and not supported in the future. Please consider migrating to Shardy (https://openxla.org/shardy). For reference, Shardy is already the default partitioner in JAX.
W0702 02:01:59.241030 1361516 sharding_propagation.cc:3130] GSPMD sharding propagation is going to be deprecated and not supported in the future. Please consider migrating to Shardy (https://openxla.org/shardy). For reference, Shardy is already the default partitioner in JAX.
W0702 02:01:59.241397 1361515 sharding_propagation.cc:3130] GSPMD sharding propagation is going to be deprecated and not supported in the future. Please consider migrating to Shardy (https://openxla.org/shardy). For reference, Shardy is already the default partitioner in JAX.
W0702 02:01:59.245000 2003017 sharding_propagation.cc:3130] GSPMD sharding propagation is going to be deprecated and not supported in the future. Please consider migrating to Shardy (https://openxla.org/shardy). For reference, Shardy is already the default partitioner in JAX.
W0702 02:01:59.283587 2004099 pjrt_client.cc:1604] WatchJobStateAsync failed for task 0: CANCELLED: CANCELLED
Additional GRPC error information from remote target coordination_service while calling /tensorflow.CoordinationService/WatchJobState:
:UNKNOWN:Error received from peer  {grpc_status:1, grpc_message:"CANCELLED"} [type.googleapis.com/tensorflow.DerivedStatus='']
W0702 02:01:59.283841 2004100 pjrt_client.cc:1604] WatchJobStateAsync failed for task 1: UNAVAILABLE: failed to connect to all addresses; last error: UNKNOWN: ipv4:10.0.4.102:61979: Failed to connect to remote host: Connection refused
Additional GRPC error information from remote target coordination_service while calling /tensorflow.CoordinationService/WatchJobState:
:UNKNOWN:Error received from peer  {grpc_status:14, grpc_message:"failed to connect to all addresses; last error: UNKNOWN: ipv4:10.0.4.102:61979: Failed to connect to remote host: Connection refused"}
W0702 02:01:59.283911 2004101 pjrt_client.cc:1604] WatchJobStateAsync failed for task 3: UNAVAILABLE: failed to connect to all addresses; last error: UNKNOWN: ipv4:10.0.4.102:61979: Failed to connect to remote host: Connection refused
Additional GRPC error information from remote target coordination_service while calling /tensorflow.CoordinationService/WatchJobState:
:UNKNOWN:Error received from peer  {grpc_status:14, grpc_message:"failed to connect to all addresses; last error: UNKNOWN: ipv4:10.0.4.102:61979: Failed to connect to remote host: Connection refused"}
W0702 02:01:59.284159 2004102 pjrt_client.cc:1604] WatchJobStateAsync failed for task 2: UNAVAILABLE: failed to connect to all addresses; last error: UNKNOWN: ipv4:10.0.4.102:61979: Failed to connect to remote host: Connection refused
Additional GRPC error information from remote target coordination_service while calling /tensorflow.CoordinationService/WatchJobState:
:UNKNOWN:Error received from peer  {grpc_status:14, grpc_message:"failed to connect to all addresses; last error: UNKNOWN: ipv4:10.0.4.102:61979: Failed to connect to remote host: Connection refused"}
W0702 02:01:59.284231 1362464 pjrt_client.cc:1604] WatchJobStateAsync failed for task 4: UNAVAILABLE: failed to connect to all addresses; last error: UNKNOWN: ipv4:10.0.4.102:61979: Failed to connect to remote host: Connection refused
Additional GRPC error information from remote target coordination_service while calling /tensorflow.CoordinationService/WatchJobState:
:UNKNOWN:Error received from peer  {grpc_message:"failed to connect to all addresses; last error: UNKNOWN: ipv4:10.0.4.102:61979: Failed to connect to remote host: Connection refused", grpc_status:14}
W0702 02:01:59.284333 1362466 pjrt_client.cc:1604] WatchJobStateAsync failed for task 5: UNAVAILABLE: failed to connect to all addresses; last error: UNKNOWN: ipv4:10.0.4.102:61979: Failed to connect to remote host: Connection refused
Additional GRPC error information from remote target coordination_service while calling /tensorflow.CoordinationService/WatchJobState:
:UNKNOWN:Error received from peer  {grpc_status:14, grpc_message:"failed to connect to all addresses; last error: UNKNOWN: ipv4:10.0.4.102:61979: Failed to connect to remote host: Connection refused"}
W0702 02:01:59.284335 1362467 pjrt_client.cc:1604] WatchJobStateAsync failed for task 6: UNAVAILABLE: failed to connect to all addresses; last error: UNKNOWN: ipv4:10.0.4.102:61979: Failed to connect to remote host: Connection refused
Additional GRPC error information from remote target coordination_service while calling /tensorflow.CoordinationService/WatchJobState:
:UNKNOWN:Error received from peer  {grpc_status:14, grpc_message:"failed to connect to all addresses; last error: UNKNOWN: ipv4:10.0.4.102:61979: Failed to connect to remote host: Connection refused"}
W0702 02:01:59.284389 1362465 pjrt_client.cc:1604] WatchJobStateAsync failed for task 7: UNAVAILABLE: failed to connect to all addresses; last error: UNKNOWN: ipv4:10.0.4.102:61979: Failed to connect to remote host: Connection refused
Additional GRPC error information from remote target coordination_service while calling /tensorflow.CoordinationService/WatchJobState:
:UNKNOWN:Error received from peer  {grpc_message:"failed to connect to all addresses; last error: UNKNOWN: ipv4:10.0.4.102:61979: Failed to connect to remote host: Connection refused", grpc_status:14}
