=== job 4239198 on hkn[0903,0915] ===
partition: accelerated-h100  nodes: 2  gpus(visible): 0,1,2,3
GPU 0: NVIDIA H100 (UUID: GPU-08b8b995-d8a7-4233-2344-bd0bdf482ffa)
GPU 1: NVIDIA H100 (UUID: GPU-42b99324-f802-8296-f51d-1c87880e269a)
GPU 2: NVIDIA H100 (UUID: GPU-f18db11a-2cc4-2fd7-8a0f-7dfafbda5c7a)
GPU 3: NVIDIA H100 (UUID: GPU-d7ab977f-d74f-5491-7b30-33869cf13cad)
==== weak rung G=8 on 2 H100 nodes (per-GPU 128x2048x2048, global 1024x2048x2048) ====
[distributed] processes=8 global_devices=8 local_devices/proc=1 distributed=True
[weak] G=8 mesh=(1, 8, 1, 1) global_grid=(1024, 2048, 2048) (4.295e+09 cells, ~5.369e+08 cells/GPU) block=(4, 4, 8) steps=10 dt=0.4
For 3D simulations with periodic boundaries, setting boundary handling to PERIODIC_ROLL and num_ghost_cells to 0 for better performance.
For 3D simulations with periodic boundaries, setting boundary handling to PERIODIC_ROLL and num_ghost_cells to 0 for better performance.
For 3D simulations with periodic boundaries, setting boundary handling to PERIODIC_ROLL and num_ghost_cells to 0 for better performance.
For 3D simulations with periodic boundaries, setting boundary handling to PERIODIC_ROLL and num_ghost_cells to 0 for better performance.
For 3D simulations with periodic boundaries, setting boundary handling to PERIODIC_ROLL and num_ghost_cells to 0 for better performance.
For 3D simulations with periodic boundaries, setting boundary handling to PERIODIC_ROLL and num_ghost_cells to 0 for better performance.
For 3D simulations with periodic boundaries, setting boundary handling to PERIODIC_ROLL and num_ghost_cells to 0 for better performance.
For 3D simulations with periodic boundaries, setting boundary handling to PERIODIC_ROLL and num_ghost_cells to 0 for better performance.
DONE weak_h100_2node rc=1

============================= JOB FEEDBACK =============================

Job ID: 4239198
Cluster: hk
User/Group: hd_bn306/hk-project-pai00101
Account: hk-project-pai00101
State: FAILED (exit code 1)
Partition: accelerated-h100
Nodes: 2
Cores per node: 64
Nodelist: hkn[0903,0915]
CPU Utilized: 00:00:01
CPU Efficiency: 0.01% of 02:01:36 core-walltime
Job Wall-clock time: 00:00:57
Starttime: Thu Jul  2 01:54:20 2026
Endtime: Thu Jul  2 01:55:17 2026
Memory Utilized: 2.98 GB
Memory Efficiency: 0.20% of 1.46 TB (750.00 GB/node)
The task which had the largest memory consumption differs by 107.92% from the average task max memory consumption
Energy Consumed: 9748424 Joule / 2707.89555555556 Watthours
Average node power draw: 171024.98245614 Watt
