GpuFreq=control_disabled
GpuFreq=control_disabled
E0626 10:21:08.488512    7734 platform_util.cc:270] Failed to create stream executor for device CUDA:3: CUDA error: Failed call to cuDeviceGet: CUDA_ERROR_INVALID_DEVICE: invalid device ordinal
E0626 10:21:08.489183    7732 platform_util.cc:270] Failed to create stream executor for device CUDA:1: CUDA error: Failed call to cuDeviceGet: CUDA_ERROR_INVALID_DEVICE: invalid device ordinal
E0626 10:21:08.489474    7733 platform_util.cc:270] Failed to create stream executor for device CUDA:2: CUDA error: Failed call to cuDeviceGet: CUDA_ERROR_INVALID_DEVICE: invalid device ordinal
E0626 10:21:08.495746   48188 platform_util.cc:270] Failed to create stream executor for device CUDA:1: CUDA error: Failed call to cuDeviceGet: CUDA_ERROR_INVALID_DEVICE: invalid device ordinal
E0626 10:21:08.495748   48189 platform_util.cc:270] Failed to create stream executor for device CUDA:2: CUDA error: Failed call to cuDeviceGet: CUDA_ERROR_INVALID_DEVICE: invalid device ordinal
E0626 10:21:08.495744   48190 platform_util.cc:270] Failed to create stream executor for device CUDA:3: CUDA error: Failed call to cuDeviceGet: CUDA_ERROR_INVALID_DEVICE: invalid device ordinal
Traceback (most recent call last):
  File "/hkfs/home/project/hk-project-pai00101/hd_bn306/micromamba/envs/astrojax09/lib/python3.12/site-packages/jax/_src/xla_bridge.py", line 812, in backends
Traceback (most recent call last):
  File "/hkfs/home/project/hk-project-pai00101/hd_bn306/micromamba/envs/astrojax09/lib/python3.12/site-packages/jax/_src/xla_bridge.py", line 812, in backends
Traceback (most recent call last):
  File "/hkfs/home/project/hk-project-pai00101/hd_bn306/micromamba/envs/astrojax09/lib/python3.12/site-packages/jax/_src/xla_bridge.py", line 812, in backends
    backend = _init_backend(platform)
              ^^^^^^^^^^^^^^^^^^^^^^^
  File "/hkfs/home/project/hk-project-pai00101/hd_bn306/micromamba/envs/astrojax09/lib/python3.12/site-packages/jax/_src/xla_bridge.py", line 896, in _init_backend
    backend = _init_backend(platform)
    backend = _init_backend(platform)
              ^^^^^^^^^^^^^^^^^^^^^^^
  File "/hkfs/home/project/hk-project-pai00101/hd_bn306/micromamba/envs/astrojax09/lib/python3.12/site-packages/jax/_src/xla_bridge.py", line 896, in _init_backend
              ^^^^^^^^^^^^^^^^^^^^^^^
  File "/hkfs/home/project/hk-project-pai00101/hd_bn306/micromamba/envs/astrojax09/lib/python3.12/site-packages/jax/_src/xla_bridge.py", line 896, in _init_backend
    backend = registration.factory()
              ^^^^^^^^^^^^^^^^^^^^^^
  File "/hkfs/home/project/hk-project-pai00101/hd_bn306/micromamba/envs/astrojax09/lib/python3.12/site-packages/jax/_src/xla_bridge.py", line 561, in make_pjrt_c_api_client
    backend = registration.factory()
    return xla_client.make_c_api_client(
           ^^^^^^^^^^^^^^^^^^^^^^^^^^^^^
    backend = registration.factory()
              ^^^^^^^^^^^^^^^^^^^^^^
  File "/hkfs/home/project/hk-project-pai00101/hd_bn306/micromamba/envs/astrojax09/lib/python3.12/site-packages/jax/_src/xla_bridge.py", line 561, in make_pjrt_c_api_client
  File "/hkfs/home/project/hk-project-pai00101/hd_bn306/micromamba/envs/astrojax09/lib/python3.12/site-packages/jaxlib/xla_client.py", line 162, in make_c_api_client
              ^^^^^^^^^^^^^^^^^^^^^^
  File "/hkfs/home/project/hk-project-pai00101/hd_bn306/micromamba/envs/astrojax09/lib/python3.12/site-packages/jax/_src/xla_bridge.py", line 561, in make_pjrt_c_api_client
    return _xla.get_c_api_client(
           ^^^^^^^^^^^^^^^^^^^^^^
jax.errors.JaxRuntimeError: INTERNAL: no supported devices found for platform CUDA

During handling of the above exception, another exception occurred:

Traceback (most recent call last):
  File "/hkfs/home/project/hk-project-pai00101/hd_bn306/astronomix/pytests/weak_scaling_hydro.py", line 75, in <module>
    return xla_client.make_c_api_client(
           ^^^^^^^^^^^^^^^^^^^^^^^^^^^^^
  File "/hkfs/home/project/hk-project-pai00101/hd_bn306/micromamba/envs/astrojax09/lib/python3.12/site-packages/jaxlib/xla_client.py", line 162, in make_c_api_client
    return xla_client.make_c_api_client(
           ^^^^^^^^^^^^^^^^^^^^^^^^^^^^^
  File "/hkfs/home/project/hk-project-pai00101/hd_bn306/micromamba/envs/astrojax09/lib/python3.12/site-packages/jaxlib/xla_client.py", line 162, in make_c_api_client
    from astronomix.parallel.distributed import init_distributed  # noqa: E402
    ^^^^^^^^^^^^^^^^^^^^^^^^^^^^^^^^^^^^^^^^^^^^^^^^^^^^^^^^^^^^
  File "/hkfs/home/project/hk-project-pai00101/hd_bn306/astronomix/astronomix/__init__.py", line 2, in <module>
    return _xla.get_c_api_client(
           ^^^^^^^^^^^^^^^^^^^^^^
    return _xla.get_c_api_client(
           ^^^^^^^^^^^^^^^^^^^^^^
jax.errors.JaxRuntimeError: INTERNAL: no supported devices found for platform CUDA

jax.errors.JaxRuntimeError: INTERNAL: no supported devices found for platform CUDA

During handling of the above exception, another exception occurred:

Traceback (most recent call last):
During handling of the above exception, another exception occurred:

Traceback (most recent call last):
  File "/hkfs/home/project/hk-project-pai00101/hd_bn306/astronomix/pytests/weak_scaling_hydro.py", line 75, in <module>
  File "/hkfs/home/project/hk-project-pai00101/hd_bn306/astronomix/pytests/weak_scaling_hydro.py", line 75, in <module>
    from astronomix.option_classes.simulation_config import SimulationConfig
  File "/hkfs/home/project/hk-project-pai00101/hd_bn306/astronomix/astronomix/option_classes/__init__.py", line 2, in <module>
    from astronomix.parallel.distributed import init_distributed  # noqa: E402
    from astronomix.parallel.distributed import init_distributed  # noqa: E402
    ^^^^^^^^^^^^^^^^^^^^^^^^^^^^^^^^^^^^^^^^^^^^^^^^^^^^^^^^^^^^
  File "/hkfs/home/project/hk-project-pai00101/hd_bn306/astronomix/astronomix/__init__.py", line 2, in <module>
    from astronomix.option_classes.simulation_config import SimulationConfig
  File "/hkfs/home/project/hk-project-pai00101/hd_bn306/astronomix/astronomix/option_classes/simulation_config.py", line 10, in <module>
    ^^^^^^^^^^^^^^^^^^^^^^^^^^^^^^^^^^^^^^^^^^^^^^^^^^^^^^^^^^^^
  File "/hkfs/home/project/hk-project-pai00101/hd_bn306/astronomix/astronomix/__init__.py", line 2, in <module>
    from astronomix._modules._cooling.cooling_options import CoolingConfig
  File "/hkfs/home/project/hk-project-pai00101/hd_bn306/astronomix/astronomix/_modules/_cooling/cooling_options.py", line 22, in <module>
    from astronomix.option_classes.simulation_config import SimulationConfig
  File "/hkfs/home/project/hk-project-pai00101/hd_bn306/astronomix/astronomix/option_classes/__init__.py", line 2, in <module>
    from astronomix.option_classes.simulation_config import SimulationConfig
  File "/hkfs/home/project/hk-project-pai00101/hd_bn306/astronomix/astronomix/option_classes/__init__.py", line 2, in <module>
    class PiecewisePowerLawParams(NamedTuple):
  File "/hkfs/home/project/hk-project-pai00101/hd_bn306/astronomix/astronomix/_modules/_cooling/cooling_options.py", line 23, in PiecewisePowerLawParams
    from astronomix.option_classes.simulation_config import SimulationConfig
  File "/hkfs/home/project/hk-project-pai00101/hd_bn306/astronomix/astronomix/option_classes/simulation_config.py", line 10, in <module>
    from astronomix.option_classes.simulation_config import SimulationConfig
  File "/hkfs/home/project/hk-project-pai00101/hd_bn306/astronomix/astronomix/option_classes/simulation_config.py", line 10, in <module>
    log10_T_table: jnp.ndarray = jnp.array([])
                                 ^^^^^^^^^^^^^
  File "/hkfs/home/project/hk-project-pai00101/hd_bn306/micromamba/envs/astrojax09/lib/python3.12/site-packages/jax/_src/numpy/array_constructors.py", line 312, in array
    from astronomix._modules._cooling.cooling_options import CoolingConfig
  File "/hkfs/home/project/hk-project-pai00101/hd_bn306/astronomix/astronomix/_modules/_cooling/cooling_options.py", line 22, in <module>
    from astronomix._modules._cooling.cooling_options import CoolingConfig
  File "/hkfs/home/project/hk-project-pai00101/hd_bn306/astronomix/astronomix/_modules/_cooling/cooling_options.py", line 22, in <module>
    out_array: Array = lax._convert_element_type(
                       ^^^^^^^^^^^^^^^^^^^^^^^^^^
  File "/hkfs/home/project/hk-project-pai00101/hd_bn306/micromamba/envs/astrojax09/lib/python3.12/site-packages/jax/_src/lax/lax.py", line 1695, in _convert_element_type
    class PiecewisePowerLawParams(NamedTuple):
  File "/hkfs/home/project/hk-project-pai00101/hd_bn306/astronomix/astronomix/_modules/_cooling/cooling_options.py", line 23, in PiecewisePowerLawParams
    class PiecewisePowerLawParams(NamedTuple):
  File "/hkfs/home/project/hk-project-pai00101/hd_bn306/astronomix/astronomix/_modules/_cooling/cooling_options.py", line 23, in PiecewisePowerLawParams
    log10_T_table: jnp.ndarray = jnp.array([])
                                 ^^^^^^^^^^^^^
  File "/hkfs/home/project/hk-project-pai00101/hd_bn306/micromamba/envs/astrojax09/lib/python3.12/site-packages/jax/_src/numpy/array_constructors.py", line 312, in array
    log10_T_table: jnp.ndarray = jnp.array([])
                                 ^^^^^^^^^^^^^
  File "/hkfs/home/project/hk-project-pai00101/hd_bn306/micromamba/envs/astrojax09/lib/python3.12/site-packages/jax/_src/numpy/array_constructors.py", line 312, in array
    return convert_element_type_p.bind(
           ^^^^^^^^^^^^^^^^^^^^^^^^^^^^
  File "/hkfs/home/project/hk-project-pai00101/hd_bn306/micromamba/envs/astrojax09/lib/python3.12/site-packages/jax/_src/core.py", line 648, in bind
    out_array: Array = lax._convert_element_type(
                       ^^^^^^^^^^^^^^^^^^^^^^^^^^
  File "/hkfs/home/project/hk-project-pai00101/hd_bn306/micromamba/envs/astrojax09/lib/python3.12/site-packages/jax/_src/lax/lax.py", line 1695, in _convert_element_type
    out_array: Array = lax._convert_element_type(
                       ^^^^^^^^^^^^^^^^^^^^^^^^^^
  File "/hkfs/home/project/hk-project-pai00101/hd_bn306/micromamba/envs/astrojax09/lib/python3.12/site-packages/jax/_src/lax/lax.py", line 1695, in _convert_element_type
    return self.bind_with_trace(prev_trace, args, avals, params)
           ^^^^^^^^^^^^^^^^^^^^^^^^^^^^^^^^^^^^^^^^^^^^^^^^^^^^^
  File "/hkfs/home/project/hk-project-pai00101/hd_bn306/micromamba/envs/astrojax09/lib/python3.12/site-packages/jax/_src/lax/lax.py", line 4989, in _convert_element_type_bind_with_trace
    return convert_element_type_p.bind(
           ^^^^^^^^^^^^^^^^^^^^^^^^^^^^
  File "/hkfs/home/project/hk-project-pai00101/hd_bn306/micromamba/envs/astrojax09/lib/python3.12/site-packages/jax/_src/core.py", line 648, in bind
    return convert_element_type_p.bind(
           ^^^^^^^^^^^^^^^^^^^^^^^^^^^^
  File "/hkfs/home/project/hk-project-pai00101/hd_bn306/micromamba/envs/astrojax09/lib/python3.12/site-packages/jax/_src/core.py", line 648, in bind
    return self.bind_with_trace(prev_trace, args, avals, params)
           ^^^^^^^^^^^^^^^^^^^^^^^^^^^^^^^^^^^^^^^^^^^^^^^^^^^^^
  File "/hkfs/home/project/hk-project-pai00101/hd_bn306/micromamba/envs/astrojax09/lib/python3.12/site-packages/jax/_src/lax/lax.py", line 4989, in _convert_element_type_bind_with_trace
    return self.bind_with_trace(prev_trace, args, avals, params)
           ^^^^^^^^^^^^^^^^^^^^^^^^^^^^^^^^^^^^^^^^^^^^^^^^^^^^^
  File "/hkfs/home/project/hk-project-pai00101/hd_bn306/micromamba/envs/astrojax09/lib/python3.12/site-packages/jax/_src/lax/lax.py", line 4989, in _convert_element_type_bind_with_trace
    operand = core.Primitive.bind_with_trace(convert_element_type_p, trace, args,
              ^^^^^^^^^^^^^^^^^^^^^^^^^^^^^^^^^^^^^^^^^^^^^^^^^^^^^^^^^^^^^^^^^^^
  File "/hkfs/home/project/hk-project-pai00101/hd_bn306/micromamba/envs/astrojax09/lib/python3.12/site-packages/jax/_src/core.py", line 656, in bind_with_trace
    return trace.process_primitive(self, args, params)
           ^^^^^^^^^^^^^^^^^^^^^^^^^^^^^^^^^^^^^^^^^^^
  File "/hkfs/home/project/hk-project-pai00101/hd_bn306/micromamba/envs/astrojax09/lib/python3.12/site-packages/jax/_src/core.py", line 1217, in process_primitive
    operand = core.Primitive.bind_with_trace(convert_element_type_p, trace, args,
              ^^^^^^^^^^^^^^^^^^^^^^^^^^^^^^^^^^^^^^^^^^^^^^^^^^^^^^^^^^^^^^^^^^^
  File "/hkfs/home/project/hk-project-pai00101/hd_bn306/micromamba/envs/astrojax09/lib/python3.12/site-packages/jax/_src/core.py", line 656, in bind_with_trace
    return primitive.impl(*args, **params)
           ^^^^^^^^^^^^^^^^^^^^^^^^^^^^^^^
  File "/hkfs/home/project/hk-project-pai00101/hd_bn306/micromamba/envs/astrojax09/lib/python3.12/site-packages/jax/_src/dispatch.py", line 91, in apply_primitive
    operand = core.Primitive.bind_with_trace(convert_element_type_p, trace, args,
              ^^^^^^^^^^^^^^^^^^^^^^^^^^^^^^^^^^^^^^^^^^^^^^^^^^^^^^^^^^^^^^^^^^^
  File "/hkfs/home/project/hk-project-pai00101/hd_bn306/micromamba/envs/astrojax09/lib/python3.12/site-packages/jax/_src/core.py", line 656, in bind_with_trace
    outs = fun(*args)
           ^^^^^^^^^^
    return trace.process_primitive(self, args, params)
RuntimeError: Unable to initialize backend 'cuda': INTERNAL: no supported devices found for platform CUDA (you may need to uninstall the failing plugin package, or set JAX_PLATFORMS=cpu to skip this backend.)
--------------------
For simplicity, JAX has removed its internal frames from the traceback of the following exception. Set JAX_TRACEBACK_FILTERING=off to include these.
           ^^^^^^^^^^^^^^^^^^^^^^^^^^^^^^^^^^^^^^^^^^^
  File "/hkfs/home/project/hk-project-pai00101/hd_bn306/micromamba/envs/astrojax09/lib/python3.12/site-packages/jax/_src/core.py", line 1217, in process_primitive
    return trace.process_primitive(self, args, params)
           ^^^^^^^^^^^^^^^^^^^^^^^^^^^^^^^^^^^^^^^^^^^
  File "/hkfs/home/project/hk-project-pai00101/hd_bn306/micromamba/envs/astrojax09/lib/python3.12/site-packages/jax/_src/core.py", line 1217, in process_primitive
    return primitive.impl(*args, **params)
           ^^^^^^^^^^^^^^^^^^^^^^^^^^^^^^^
  File "/hkfs/home/project/hk-project-pai00101/hd_bn306/micromamba/envs/astrojax09/lib/python3.12/site-packages/jax/_src/dispatch.py", line 91, in apply_primitive
    outs = fun(*args)
    return primitive.impl(*args, **params)
           ^^^^^^^^^^
RuntimeError: Unable to initialize backend 'cuda': INTERNAL: no supported devices found for platform CUDA (you may need to uninstall the failing plugin package, or set JAX_PLATFORMS=cpu to skip this backend.)
--------------------
For simplicity, JAX has removed its internal frames from the traceback of the following exception. Set JAX_TRACEBACK_FILTERING=off to include these.
           ^^^^^^^^^^^^^^^^^^^^^^^^^^^^^^^
  File "/hkfs/home/project/hk-project-pai00101/hd_bn306/micromamba/envs/astrojax09/lib/python3.12/site-packages/jax/_src/dispatch.py", line 91, in apply_primitive
    outs = fun(*args)
           ^^^^^^^^^^
RuntimeError: Unable to initialize backend 'cuda': INTERNAL: no supported devices found for platform CUDA (you may need to uninstall the failing plugin package, or set JAX_PLATFORMS=cpu to skip this backend.)
--------------------
For simplicity, JAX has removed its internal frames from the traceback of the following exception. Set JAX_TRACEBACK_FILTERING=off to include these.
Traceback (most recent call last):
  File "/hkfs/home/project/hk-project-pai00101/hd_bn306/micromamba/envs/astrojax09/lib/python3.12/site-packages/jax/_src/xla_bridge.py", line 812, in backends
Traceback (most recent call last):
  File "/hkfs/home/project/hk-project-pai00101/hd_bn306/micromamba/envs/astrojax09/lib/python3.12/site-packages/jax/_src/xla_bridge.py", line 812, in backends
Traceback (most recent call last):
  File "/hkfs/home/project/hk-project-pai00101/hd_bn306/micromamba/envs/astrojax09/lib/python3.12/site-packages/jax/_src/xla_bridge.py", line 812, in backends
    backend = _init_backend(platform)
    backend = _init_backend(platform)
    backend = _init_backend(platform)
              ^^^^^^^^^^^^^^^^^^^^^^^
              ^^^^^^^^^^^^^^^^^^^^^^^
  File "/hkfs/home/project/hk-project-pai00101/hd_bn306/micromamba/envs/astrojax09/lib/python3.12/site-packages/jax/_src/xla_bridge.py", line 896, in _init_backend
  File "/hkfs/home/project/hk-project-pai00101/hd_bn306/micromamba/envs/astrojax09/lib/python3.12/site-packages/jax/_src/xla_bridge.py", line 896, in _init_backend
              ^^^^^^^^^^^^^^^^^^^^^^^
  File "/hkfs/home/project/hk-project-pai00101/hd_bn306/micromamba/envs/astrojax09/lib/python3.12/site-packages/jax/_src/xla_bridge.py", line 896, in _init_backend
    backend = registration.factory()
    backend = registration.factory()
    backend = registration.factory()
              ^^^^^^^^^^^^^^^^^^^^^^
  File "/hkfs/home/project/hk-project-pai00101/hd_bn306/micromamba/envs/astrojax09/lib/python3.12/site-packages/jax/_src/xla_bridge.py", line 561, in make_pjrt_c_api_client
              ^^^^^^^^^^^^^^^^^^^^^^
  File "/hkfs/home/project/hk-project-pai00101/hd_bn306/micromamba/envs/astrojax09/lib/python3.12/site-packages/jax/_src/xla_bridge.py", line 561, in make_pjrt_c_api_client
              ^^^^^^^^^^^^^^^^^^^^^^
  File "/hkfs/home/project/hk-project-pai00101/hd_bn306/micromamba/envs/astrojax09/lib/python3.12/site-packages/jax/_src/xla_bridge.py", line 561, in make_pjrt_c_api_client
    return xla_client.make_c_api_client(
           ^^^^^^^^^^^^^^^^^^^^^^^^^^^^^
    return xla_client.make_c_api_client(
           ^^^^^^^^^^^^^^^^^^^^^^^^^^^^^
  File "/hkfs/home/project/hk-project-pai00101/hd_bn306/micromamba/envs/astrojax09/lib/python3.12/site-packages/jaxlib/xla_client.py", line 162, in make_c_api_client
  File "/hkfs/home/project/hk-project-pai00101/hd_bn306/micromamba/envs/astrojax09/lib/python3.12/site-packages/jaxlib/xla_client.py", line 162, in make_c_api_client
    return xla_client.make_c_api_client(
           ^^^^^^^^^^^^^^^^^^^^^^^^^^^^^
  File "/hkfs/home/project/hk-project-pai00101/hd_bn306/micromamba/envs/astrojax09/lib/python3.12/site-packages/jaxlib/xla_client.py", line 162, in make_c_api_client
    return _xla.get_c_api_client(
    return _xla.get_c_api_client(
           ^^^^^^^^^^^^^^^^^^^^^^
    return _xla.get_c_api_client(
           ^^^^^^^^^^^^^^^^^^^^^^
           ^^^^^^^^^^^^^^^^^^^^^^
jax.errors.JaxRuntimeError: INTERNAL: no supported devices found for platform CUDA

During handling of the above exception, another exception occurred:

Traceback (most recent call last):
jax.errors.JaxRuntimeError: INTERNAL: no supported devices found for platform CUDA

During handling of the above exception, another exception occurred:

Traceback (most recent call last):
  File "/hkfs/home/project/hk-project-pai00101/hd_bn306/astronomix/pytests/weak_scaling_hydro.py", line 75, in <module>
jax.errors.JaxRuntimeError: INTERNAL: no supported devices found for platform CUDA

During handling of the above exception, another exception occurred:

Traceback (most recent call last):
  File "/hkfs/home/project/hk-project-pai00101/hd_bn306/astronomix/pytests/weak_scaling_hydro.py", line 75, in <module>
  File "/hkfs/home/project/hk-project-pai00101/hd_bn306/astronomix/pytests/weak_scaling_hydro.py", line 75, in <module>
    from astronomix.parallel.distributed import init_distributed  # noqa: E402
    from astronomix.parallel.distributed import init_distributed  # noqa: E402
    ^^^^^^^^^^^^^^^^^^^^^^^^^^^^^^^^^^^^^^^^^^^^^^^^^^^^^^^^^^^^
  File "/hkfs/home/project/hk-project-pai00101/hd_bn306/astronomix/astronomix/__init__.py", line 2, in <module>
    from astronomix.parallel.distributed import init_distributed  # noqa: E402
    ^^^^^^^^^^^^^^^^^^^^^^^^^^^^^^^^^^^^^^^^^^^^^^^^^^^^^^^^^^^^
  File "/hkfs/home/project/hk-project-pai00101/hd_bn306/astronomix/astronomix/__init__.py", line 2, in <module>
    ^^^^^^^^^^^^^^^^^^^^^^^^^^^^^^^^^^^^^^^^^^^^^^^^^^^^^^^^^^^^
  File "/hkfs/home/project/hk-project-pai00101/hd_bn306/astronomix/astronomix/__init__.py", line 2, in <module>
    from astronomix.option_classes.simulation_config import SimulationConfig
    from astronomix.option_classes.simulation_config import SimulationConfig
  File "/hkfs/home/project/hk-project-pai00101/hd_bn306/astronomix/astronomix/option_classes/__init__.py", line 2, in <module>
  File "/hkfs/home/project/hk-project-pai00101/hd_bn306/astronomix/astronomix/option_classes/__init__.py", line 2, in <module>
    from astronomix.option_classes.simulation_config import SimulationConfig
  File "/hkfs/home/project/hk-project-pai00101/hd_bn306/astronomix/astronomix/option_classes/__init__.py", line 2, in <module>
    from astronomix.option_classes.simulation_config import SimulationConfig
    from astronomix.option_classes.simulation_config import SimulationConfig
  File "/hkfs/home/project/hk-project-pai00101/hd_bn306/astronomix/astronomix/option_classes/simulation_config.py", line 10, in <module>
  File "/hkfs/home/project/hk-project-pai00101/hd_bn306/astronomix/astronomix/option_classes/simulation_config.py", line 10, in <module>
    from astronomix.option_classes.simulation_config import SimulationConfig
  File "/hkfs/home/project/hk-project-pai00101/hd_bn306/astronomix/astronomix/option_classes/simulation_config.py", line 10, in <module>
    from astronomix._modules._cooling.cooling_options import CoolingConfig
    from astronomix._modules._cooling.cooling_options import CoolingConfig
  File "/hkfs/home/project/hk-project-pai00101/hd_bn306/astronomix/astronomix/_modules/_cooling/cooling_options.py", line 22, in <module>
  File "/hkfs/home/project/hk-project-pai00101/hd_bn306/astronomix/astronomix/_modules/_cooling/cooling_options.py", line 22, in <module>
    from astronomix._modules._cooling.cooling_options import CoolingConfig
    class PiecewisePowerLawParams(NamedTuple):
  File "/hkfs/home/project/hk-project-pai00101/hd_bn306/astronomix/astronomix/_modules/_cooling/cooling_options.py", line 23, in PiecewisePowerLawParams
    class PiecewisePowerLawParams(NamedTuple):
  File "/hkfs/home/project/hk-project-pai00101/hd_bn306/astronomix/astronomix/_modules/_cooling/cooling_options.py", line 23, in PiecewisePowerLawParams
  File "/hkfs/home/project/hk-project-pai00101/hd_bn306/astronomix/astronomix/_modules/_cooling/cooling_options.py", line 22, in <module>
    log10_T_table: jnp.ndarray = jnp.array([])
    log10_T_table: jnp.ndarray = jnp.array([])
                                 ^^^^^^^^^^^^^
                                 ^^^^^^^^^^^^^
  File "/hkfs/home/project/hk-project-pai00101/hd_bn306/micromamba/envs/astrojax09/lib/python3.12/site-packages/jax/_src/numpy/array_constructors.py", line 312, in array
  File "/hkfs/home/project/hk-project-pai00101/hd_bn306/micromamba/envs/astrojax09/lib/python3.12/site-packages/jax/_src/numpy/array_constructors.py", line 312, in array
    class PiecewisePowerLawParams(NamedTuple):
  File "/hkfs/home/project/hk-project-pai00101/hd_bn306/astronomix/astronomix/_modules/_cooling/cooling_options.py", line 23, in PiecewisePowerLawParams
    out_array: Array = lax._convert_element_type(
    out_array: Array = lax._convert_element_type(
                       ^^^^^^^^^^^^^^^^^^^^^^^^^^
    log10_T_table: jnp.ndarray = jnp.array([])
                       ^^^^^^^^^^^^^^^^^^^^^^^^^^
  File "/hkfs/home/project/hk-project-pai00101/hd_bn306/micromamba/envs/astrojax09/lib/python3.12/site-packages/jax/_src/lax/lax.py", line 1695, in _convert_element_type
  File "/hkfs/home/project/hk-project-pai00101/hd_bn306/micromamba/envs/astrojax09/lib/python3.12/site-packages/jax/_src/lax/lax.py", line 1695, in _convert_element_type
                                 ^^^^^^^^^^^^^
  File "/hkfs/home/project/hk-project-pai00101/hd_bn306/micromamba/envs/astrojax09/lib/python3.12/site-packages/jax/_src/numpy/array_constructors.py", line 312, in array
    out_array: Array = lax._convert_element_type(
                       ^^^^^^^^^^^^^^^^^^^^^^^^^^
  File "/hkfs/home/project/hk-project-pai00101/hd_bn306/micromamba/envs/astrojax09/lib/python3.12/site-packages/jax/_src/lax/lax.py", line 1695, in _convert_element_type
    return convert_element_type_p.bind(
           ^^^^^^^^^^^^^^^^^^^^^^^^^^^^
  File "/hkfs/home/project/hk-project-pai00101/hd_bn306/micromamba/envs/astrojax09/lib/python3.12/site-packages/jax/_src/core.py", line 648, in bind
    return convert_element_type_p.bind(
           ^^^^^^^^^^^^^^^^^^^^^^^^^^^^
  File "/hkfs/home/project/hk-project-pai00101/hd_bn306/micromamba/envs/astrojax09/lib/python3.12/site-packages/jax/_src/core.py", line 648, in bind
    return self.bind_with_trace(prev_trace, args, avals, params)
    return self.bind_with_trace(prev_trace, args, avals, params)
    return convert_element_type_p.bind(
           ^^^^^^^^^^^^^^^^^^^^^^^^^^^^
           ^^^^^^^^^^^^^^^^^^^^^^^^^^^^^^^^^^^^^^^^^^^^^^^^^^^^^
  File "/hkfs/home/project/hk-project-pai00101/hd_bn306/micromamba/envs/astrojax09/lib/python3.12/site-packages/jax/_src/lax/lax.py", line 4989, in _convert_element_type_bind_with_trace
  File "/hkfs/home/project/hk-project-pai00101/hd_bn306/micromamba/envs/astrojax09/lib/python3.12/site-packages/jax/_src/core.py", line 648, in bind
           ^^^^^^^^^^^^^^^^^^^^^^^^^^^^^^^^^^^^^^^^^^^^^^^^^^^^^
  File "/hkfs/home/project/hk-project-pai00101/hd_bn306/micromamba/envs/astrojax09/lib/python3.12/site-packages/jax/_src/lax/lax.py", line 4989, in _convert_element_type_bind_with_trace
    return self.bind_with_trace(prev_trace, args, avals, params)
           ^^^^^^^^^^^^^^^^^^^^^^^^^^^^^^^^^^^^^^^^^^^^^^^^^^^^^
  File "/hkfs/home/project/hk-project-pai00101/hd_bn306/micromamba/envs/astrojax09/lib/python3.12/site-packages/jax/_src/lax/lax.py", line 4989, in _convert_element_type_bind_with_trace
    operand = core.Primitive.bind_with_trace(convert_element_type_p, trace, args,
              ^^^^^^^^^^^^^^^^^^^^^^^^^^^^^^^^^^^^^^^^^^^^^^^^^^^^^^^^^^^^^^^^^^^
  File "/hkfs/home/project/hk-project-pai00101/hd_bn306/micromamba/envs/astrojax09/lib/python3.12/site-packages/jax/_src/core.py", line 656, in bind_with_trace
    operand = core.Primitive.bind_with_trace(convert_element_type_p, trace, args,
              ^^^^^^^^^^^^^^^^^^^^^^^^^^^^^^^^^^^^^^^^^^^^^^^^^^^^^^^^^^^^^^^^^^^
  File "/hkfs/home/project/hk-project-pai00101/hd_bn306/micromamba/envs/astrojax09/lib/python3.12/site-packages/jax/_src/core.py", line 656, in bind_with_trace
    return trace.process_primitive(self, args, params)
           ^^^^^^^^^^^^^^^^^^^^^^^^^^^^^^^^^^^^^^^^^^^
  File "/hkfs/home/project/hk-project-pai00101/hd_bn306/micromamba/envs/astrojax09/lib/python3.12/site-packages/jax/_src/core.py", line 1217, in process_primitive
    return trace.process_primitive(self, args, params)
           ^^^^^^^^^^^^^^^^^^^^^^^^^^^^^^^^^^^^^^^^^^^
  File "/hkfs/home/project/hk-project-pai00101/hd_bn306/micromamba/envs/astrojax09/lib/python3.12/site-packages/jax/_src/core.py", line 1217, in process_primitive
    operand = core.Primitive.bind_with_trace(convert_element_type_p, trace, args,
              ^^^^^^^^^^^^^^^^^^^^^^^^^^^^^^^^^^^^^^^^^^^^^^^^^^^^^^^^^^^^^^^^^^^
  File "/hkfs/home/project/hk-project-pai00101/hd_bn306/micromamba/envs/astrojax09/lib/python3.12/site-packages/jax/_src/core.py", line 656, in bind_with_trace
    return primitive.impl(*args, **params)
           ^^^^^^^^^^^^^^^^^^^^^^^^^^^^^^^
  File "/hkfs/home/project/hk-project-pai00101/hd_bn306/micromamba/envs/astrojax09/lib/python3.12/site-packages/jax/_src/dispatch.py", line 91, in apply_primitive
    return trace.process_primitive(self, args, params)
    return primitive.impl(*args, **params)
           ^^^^^^^^^^^^^^^^^^^^^^^^^^^^^^^
  File "/hkfs/home/project/hk-project-pai00101/hd_bn306/micromamba/envs/astrojax09/lib/python3.12/site-packages/jax/_src/dispatch.py", line 91, in apply_primitive
           ^^^^^^^^^^^^^^^^^^^^^^^^^^^^^^^^^^^^^^^^^^^
  File "/hkfs/home/project/hk-project-pai00101/hd_bn306/micromamba/envs/astrojax09/lib/python3.12/site-packages/jax/_src/core.py", line 1217, in process_primitive
    outs = fun(*args)
           ^^^^^^^^^^
RuntimeError: Unable to initialize backend 'cuda': INTERNAL: no supported devices found for platform CUDA (you may need to uninstall the failing plugin package, or set JAX_PLATFORMS=cpu to skip this backend.)
--------------------
For simplicity, JAX has removed its internal frames from the traceback of the following exception. Set JAX_TRACEBACK_FILTERING=off to include these.
    outs = fun(*args)
           ^^^^^^^^^^
RuntimeError: Unable to initialize backend 'cuda': INTERNAL: no supported devices found for platform CUDA (you may need to uninstall the failing plugin package, or set JAX_PLATFORMS=cpu to skip this backend.)
--------------------
For simplicity, JAX has removed its internal frames from the traceback of the following exception. Set JAX_TRACEBACK_FILTERING=off to include these.
    return primitive.impl(*args, **params)
           ^^^^^^^^^^^^^^^^^^^^^^^^^^^^^^^
  File "/hkfs/home/project/hk-project-pai00101/hd_bn306/micromamba/envs/astrojax09/lib/python3.12/site-packages/jax/_src/dispatch.py", line 91, in apply_primitive
    outs = fun(*args)
           ^^^^^^^^^^
RuntimeError: Unable to initialize backend 'cuda': INTERNAL: no supported devices found for platform CUDA (you may need to uninstall the failing plugin package, or set JAX_PLATFORMS=cpu to skip this backend.)
--------------------
For simplicity, JAX has removed its internal frames from the traceback of the following exception. Set JAX_TRACEBACK_FILTERING=off to include these.
E0626 10:21:08.716448   48928 numa_hwloc.cc:121] Call to hwloc_set_cpubind() failed: Invalid argument [22]
E0626 10:21:08.716523   48929 numa_hwloc.cc:121] Call to hwloc_set_cpubind() failed: Invalid argument [22]
E0626 10:21:08.716583   48930 numa_hwloc.cc:121] Call to hwloc_set_cpubind() failed: Invalid argument [22]
Traceback (most recent call last):
  File "/hkfs/home/project/hk-project-pai00101/hd_bn306/micromamba/envs/astrojax09/lib/python3.12/site-packages/jax/_src/xla_bridge.py", line 812, in backends
    backend = _init_backend(platform)
              ^^^^^^^^^^^^^^^^^^^^^^^
  File "/hkfs/home/project/hk-project-pai00101/hd_bn306/micromamba/envs/astrojax09/lib/python3.12/site-packages/jax/_src/xla_bridge.py", line 896, in _init_backend
    backend = registration.factory()
              ^^^^^^^^^^^^^^^^^^^^^^
  File "/hkfs/home/project/hk-project-pai00101/hd_bn306/micromamba/envs/astrojax09/lib/python3.12/site-packages/jax/_src/xla_bridge.py", line 561, in make_pjrt_c_api_client
    return xla_client.make_c_api_client(
           ^^^^^^^^^^^^^^^^^^^^^^^^^^^^^
  File "/hkfs/home/project/hk-project-pai00101/hd_bn306/micromamba/envs/astrojax09/lib/python3.12/site-packages/jaxlib/xla_client.py", line 162, in make_c_api_client
    return _xla.get_c_api_client(
           ^^^^^^^^^^^^^^^^^^^^^^
jax.errors.JaxRuntimeError: INTERNAL: Getting local topologies failed: Error 1: GetKeyValue() timed out with key: cuda:local_topology/cuda/1 and duration: 2m

Error 2: GetKeyValue() timed out with key: cuda:local_topology/cuda/2 and duration: 2m

Error 3: GetKeyValue() timed out with key: cuda:local_topology/cuda/3 and duration: 2m

Error 4: GetKeyValue() timed out with key: cuda:local_topology/cuda/5 and duration: 2m

Error 5: GetKeyValue() timed out with key: cuda:local_topology/cuda/6 and duration: 2m

Error 6: GetKeyValue() timed out with key: cuda:local_topology/cuda/7 and duration: 2m

During handling of the above exception, another exception occurred:

Traceback (most recent call last):
  File "/hkfs/home/project/hk-project-pai00101/hd_bn306/astronomix/pytests/weak_scaling_hydro.py", line 75, in <module>
    from astronomix.parallel.distributed import init_distributed  # noqa: E402
    ^^^^^^^^^^^^^^^^^^^^^^^^^^^^^^^^^^^^^^^^^^^^^^^^^^^^^^^^^^^^
  File "/hkfs/home/project/hk-project-pai00101/hd_bn306/astronomix/astronomix/__init__.py", line 2, in <module>
    from astronomix.option_classes.simulation_config import SimulationConfig
  File "/hkfs/home/project/hk-project-pai00101/hd_bn306/astronomix/astronomix/option_classes/__init__.py", line 2, in <module>
    from astronomix.option_classes.simulation_config import SimulationConfig
  File "/hkfs/home/project/hk-project-pai00101/hd_bn306/astronomix/astronomix/option_classes/simulation_config.py", line 10, in <module>
    from astronomix._modules._cooling.cooling_options import CoolingConfig
  File "/hkfs/home/project/hk-project-pai00101/hd_bn306/astronomix/astronomix/_modules/_cooling/cooling_options.py", line 22, in <module>
    class PiecewisePowerLawParams(NamedTuple):
  File "/hkfs/home/project/hk-project-pai00101/hd_bn306/astronomix/astronomix/_modules/_cooling/cooling_options.py", line 23, in PiecewisePowerLawParams
    log10_T_table: jnp.ndarray = jnp.array([])
                                 ^^^^^^^^^^^^^
  File "/hkfs/home/project/hk-project-pai00101/hd_bn306/micromamba/envs/astrojax09/lib/python3.12/site-packages/jax/_src/numpy/array_constructors.py", line 312, in array
    out_array: Array = lax._convert_element_type(
                       ^^^^^^^^^^^^^^^^^^^^^^^^^^
  File "/hkfs/home/project/hk-project-pai00101/hd_bn306/micromamba/envs/astrojax09/lib/python3.12/site-packages/jax/_src/lax/lax.py", line 1695, in _convert_element_type
    return convert_element_type_p.bind(
           ^^^^^^^^^^^^^^^^^^^^^^^^^^^^
  File "/hkfs/home/project/hk-project-pai00101/hd_bn306/micromamba/envs/astrojax09/lib/python3.12/site-packages/jax/_src/core.py", line 648, in bind
    return self.bind_with_trace(prev_trace, args, avals, params)
           ^^^^^^^^^^^^^^^^^^^^^^^^^^^^^^^^^^^^^^^^^^^^^^^^^^^^^
  File "/hkfs/home/project/hk-project-pai00101/hd_bn306/micromamba/envs/astrojax09/lib/python3.12/site-packages/jax/_src/lax/lax.py", line 4989, in _convert_element_type_bind_with_trace
    operand = core.Primitive.bind_with_trace(convert_element_type_p, trace, args,
              ^^^^^^^^^^^^^^^^^^^^^^^^^^^^^^^^^^^^^^^^^^^^^^^^^^^^^^^^^^^^^^^^^^^
  File "/hkfs/home/project/hk-project-pai00101/hd_bn306/micromamba/envs/astrojax09/lib/python3.12/site-packages/jax/_src/core.py", line 656, in bind_with_trace
    return trace.process_primitive(self, args, params)
           ^^^^^^^^^^^^^^^^^^^^^^^^^^^^^^^^^^^^^^^^^^^
  File "/hkfs/home/project/hk-project-pai00101/hd_bn306/micromamba/envs/astrojax09/lib/python3.12/site-packages/jax/_src/core.py", line 1217, in process_primitive
    return primitive.impl(*args, **params)
           ^^^^^^^^^^^^^^^^^^^^^^^^^^^^^^^
  File "/hkfs/home/project/hk-project-pai00101/hd_bn306/micromamba/envs/astrojax09/lib/python3.12/site-packages/jax/_src/dispatch.py", line 91, in apply_primitive
    outs = fun(*args)
           ^^^^^^^^^^
RuntimeError: Unable to initialize backend 'cuda': INTERNAL: Getting local topologies failed: Error 1: GetKeyValue() timed out with key: cuda:local_topology/cuda/1 and duration: 2m

Error 2: GetKeyValue() timed out with key: cuda:local_topology/cuda/2 and duration: 2m

Error 3: GetKeyValue() timed out with key: cuda:local_topology/cuda/3 and duration: 2m

Error 4: GetKeyValue() timed out with key: cuda:local_topology/cuda/5 and duration: 2m

Error 5: GetKeyValue() timed out with key: cuda:local_topology/cuda/6 and duration: 2m

Error 6: GetKeyValue() timed out with key: cuda:local_topology/cuda/7 and duration: 2m (you may need to uninstall the failing plugin package, or set JAX_PLATFORMS=cpu to skip this backend.)
--------------------
For simplicity, JAX has removed its internal frames from the traceback of the following exception. Set JAX_TRACEBACK_FILTERING=off to include these.
Traceback (most recent call last):
  File "/hkfs/home/project/hk-project-pai00101/hd_bn306/micromamba/envs/astrojax09/lib/python3.12/site-packages/jax/_src/xla_bridge.py", line 812, in backends
    backend = _init_backend(platform)
              ^^^^^^^^^^^^^^^^^^^^^^^
  File "/hkfs/home/project/hk-project-pai00101/hd_bn306/micromamba/envs/astrojax09/lib/python3.12/site-packages/jax/_src/xla_bridge.py", line 896, in _init_backend
    backend = registration.factory()
              ^^^^^^^^^^^^^^^^^^^^^^
  File "/hkfs/home/project/hk-project-pai00101/hd_bn306/micromamba/envs/astrojax09/lib/python3.12/site-packages/jax/_src/xla_bridge.py", line 561, in make_pjrt_c_api_client
    return xla_client.make_c_api_client(
           ^^^^^^^^^^^^^^^^^^^^^^^^^^^^^
  File "/hkfs/home/project/hk-project-pai00101/hd_bn306/micromamba/envs/astrojax09/lib/python3.12/site-packages/jaxlib/xla_client.py", line 162, in make_c_api_client
    return _xla.get_c_api_client(
           ^^^^^^^^^^^^^^^^^^^^^^
jax.errors.JaxRuntimeError: DEADLINE_EXCEEDED: GetKeyValue() timed out with key: cuda:global_topology/cuda and duration: 5m

During handling of the above exception, another exception occurred:

Traceback (most recent call last):
  File "/hkfs/home/project/hk-project-pai00101/hd_bn306/astronomix/pytests/weak_scaling_hydro.py", line 75, in <module>
    from astronomix.parallel.distributed import init_distributed  # noqa: E402
    ^^^^^^^^^^^^^^^^^^^^^^^^^^^^^^^^^^^^^^^^^^^^^^^^^^^^^^^^^^^^
  File "/hkfs/home/project/hk-project-pai00101/hd_bn306/astronomix/astronomix/__init__.py", line 2, in <module>
    from astronomix.option_classes.simulation_config import SimulationConfig
  File "/hkfs/home/project/hk-project-pai00101/hd_bn306/astronomix/astronomix/option_classes/__init__.py", line 2, in <module>
    from astronomix.option_classes.simulation_config import SimulationConfig
  File "/hkfs/home/project/hk-project-pai00101/hd_bn306/astronomix/astronomix/option_classes/simulation_config.py", line 10, in <module>
    from astronomix._modules._cooling.cooling_options import CoolingConfig
  File "/hkfs/home/project/hk-project-pai00101/hd_bn306/astronomix/astronomix/_modules/_cooling/cooling_options.py", line 22, in <module>
    class PiecewisePowerLawParams(NamedTuple):
  File "/hkfs/home/project/hk-project-pai00101/hd_bn306/astronomix/astronomix/_modules/_cooling/cooling_options.py", line 23, in PiecewisePowerLawParams
    log10_T_table: jnp.ndarray = jnp.array([])
                                 ^^^^^^^^^^^^^
  File "/hkfs/home/project/hk-project-pai00101/hd_bn306/micromamba/envs/astrojax09/lib/python3.12/site-packages/jax/_src/numpy/array_constructors.py", line 312, in array
    out_array: Array = lax._convert_element_type(
                       ^^^^^^^^^^^^^^^^^^^^^^^^^^
  File "/hkfs/home/project/hk-project-pai00101/hd_bn306/micromamba/envs/astrojax09/lib/python3.12/site-packages/jax/_src/lax/lax.py", line 1695, in _convert_element_type
    return convert_element_type_p.bind(
           ^^^^^^^^^^^^^^^^^^^^^^^^^^^^
  File "/hkfs/home/project/hk-project-pai00101/hd_bn306/micromamba/envs/astrojax09/lib/python3.12/site-packages/jax/_src/core.py", line 648, in bind
    return self.bind_with_trace(prev_trace, args, avals, params)
           ^^^^^^^^^^^^^^^^^^^^^^^^^^^^^^^^^^^^^^^^^^^^^^^^^^^^^
  File "/hkfs/home/project/hk-project-pai00101/hd_bn306/micromamba/envs/astrojax09/lib/python3.12/site-packages/jax/_src/lax/lax.py", line 4989, in _convert_element_type_bind_with_trace
    operand = core.Primitive.bind_with_trace(convert_element_type_p, trace, args,
              ^^^^^^^^^^^^^^^^^^^^^^^^^^^^^^^^^^^^^^^^^^^^^^^^^^^^^^^^^^^^^^^^^^^
  File "/hkfs/home/project/hk-project-pai00101/hd_bn306/micromamba/envs/astrojax09/lib/python3.12/site-packages/jax/_src/core.py", line 656, in bind_with_trace
    return trace.process_primitive(self, args, params)
           ^^^^^^^^^^^^^^^^^^^^^^^^^^^^^^^^^^^^^^^^^^^
  File "/hkfs/home/project/hk-project-pai00101/hd_bn306/micromamba/envs/astrojax09/lib/python3.12/site-packages/jax/_src/core.py", line 1217, in process_primitive
    return primitive.impl(*args, **params)
           ^^^^^^^^^^^^^^^^^^^^^^^^^^^^^^^
  File "/hkfs/home/project/hk-project-pai00101/hd_bn306/micromamba/envs/astrojax09/lib/python3.12/site-packages/jax/_src/dispatch.py", line 91, in apply_primitive
    outs = fun(*args)
           ^^^^^^^^^^
RuntimeError: Unable to initialize backend 'cuda': DEADLINE_EXCEEDED: GetKeyValue() timed out with key: cuda:global_topology/cuda and duration: 5m (you may need to uninstall the failing plugin package, or set JAX_PLATFORMS=cpu to skip this backend.)
--------------------
For simplicity, JAX has removed its internal frames from the traceback of the following exception. Set JAX_TRACEBACK_FILTERING=off to include these.
srun: error: hkn0915: tasks 1-3: Exited with exit code 1
srun: error: hkn0915: task 0: Exited with exit code 1
srun: error: hkn0919: tasks 5-7: Exited with exit code 1
srun: error: hkn0919: task 4: Exited with exit code 1
