=== job 4112596 on hkn[0915,0919] ===
partition: accelerated-h100  nodes: 2  gpus(visible): 0,1,2,3
GPU 0: NVIDIA H100 (UUID: GPU-34caee3f-e9da-4278-4887-ae420e196e19)
GPU 1: NVIDIA H100 (UUID: GPU-3f0b9360-e603-811d-1825-be1417fff39a)
GPU 2: NVIDIA H100 (UUID: GPU-35f9beae-7902-27ad-2b0a-359ff6b6dbbe)
GPU 3: NVIDIA H100 (UUID: GPU-33e465bc-f5be-d3b7-cfc1-5ab1e6074e44)
==== weak rung G=8 on 2 H100 nodes (per-GPU 128x2048x2048, global 1024x2048x2048) ====
DONE weak_h100_2node rc=1

============================= JOB FEEDBACK =============================

Job ID: 4112596
Cluster: hk
User/Group: hd_bn306/hk-project-pai00101
Account: hk-project-pai00101
State: FAILED (exit code 1)
Partition: accelerated-h100
Nodes: 2
Cores per node: 64
Nodelist: hkn[0915,0919]
CPU Utilized: 00:00:01
CPU Efficiency: 0.00% of 12:18:08 core-walltime
Job Wall-clock time: 00:05:46
Starttime: Fri Jun 26 11:18:59 2026
Endtime: Fri Jun 26 11:24:45 2026
Memory Utilized: 2.12 GB
Memory Efficiency: 0.14% of 1.46 TB (750.00 GB/node)
The task which had the largest memory consumption differs by 111.36% from the average task max memory consumption
Energy Consumed: 548417 Joule / 152.338055555556 Watthours
Average node power draw: 1585.02023121387 Watt
