GpuFreq=control_disabled
GpuFreq=control_disabled
GpuFreq=control_disabled
GpuFreq=control_disabled
E0702 06:50:49.854767 1420682 numa_hwloc.cc:121] Call to hwloc_set_cpubind() failed: Invalid argument [22]
E0702 06:50:49.854897 1420683 numa_hwloc.cc:121] Call to hwloc_set_cpubind() failed: Invalid argument [22]
E0702 06:50:49.854975 1420684 numa_hwloc.cc:121] Call to hwloc_set_cpubind() failed: Invalid argument [22]
E0702 06:50:49.872753 1420688 numa_hwloc.cc:121] Call to hwloc_set_cpubind() failed: Invalid argument [22]
E0702 06:50:49.872866 1420689 numa_hwloc.cc:121] Call to hwloc_set_cpubind() failed: Invalid argument [22]
E0702 06:50:49.872934 1420690 numa_hwloc.cc:121] Call to hwloc_set_cpubind() failed: Invalid argument [22]
E0702 06:50:49.877185 1420691 numa_hwloc.cc:121] Call to hwloc_set_cpubind() failed: Invalid argument [22]
E0702 06:50:49.877294 1420692 numa_hwloc.cc:121] Call to hwloc_set_cpubind() failed: Invalid argument [22]
E0702 06:50:49.877374 1420693 numa_hwloc.cc:121] Call to hwloc_set_cpubind() failed: Invalid argument [22]
E0702 06:50:50.071247 1420002 ptx_compiler_helpers.cc:157] *** WARNING *** Invoking ptxas with version 12.4.131, which corresponds to a CUDA version <=12.6.2. CUDA versions 12.x.y up to and including 12.6.2 miscompile certain edge cases around clamping.
Please upgrade to CUDA 12.6.3 or newer.
E0702 06:50:50.071245 1420003 ptx_compiler_helpers.cc:157] *** WARNING *** Invoking ptxas with version 12.4.131, which corresponds to a CUDA version <=12.6.2. CUDA versions 12.x.y up to and including 12.6.2 miscompile certain edge cases around clamping.
Please upgrade to CUDA 12.6.3 or newer.
E0702 06:50:50.071393 1420000 ptx_compiler_helpers.cc:157] *** WARNING *** Invoking ptxas with version 12.4.131, which corresponds to a CUDA version <=12.6.2. CUDA versions 12.x.y up to and including 12.6.2 miscompile certain edge cases around clamping.
Please upgrade to CUDA 12.6.3 or newer.
E0702 06:50:50.071773 2057689 ptx_compiler_helpers.cc:157] *** WARNING *** Invoking ptxas with version 12.4.131, which corresponds to a CUDA version <=12.6.2. CUDA versions 12.x.y up to and including 12.6.2 miscompile certain edge cases around clamping.
Please upgrade to CUDA 12.6.3 or newer.
E0702 06:50:50.071825 1420001 ptx_compiler_helpers.cc:157] *** WARNING *** Invoking ptxas with version 12.4.131, which corresponds to a CUDA version <=12.6.2. CUDA versions 12.x.y up to and including 12.6.2 miscompile certain edge cases around clamping.
Please upgrade to CUDA 12.6.3 or newer.
E0702 06:50:50.072841 2057688 ptx_compiler_helpers.cc:157] *** WARNING *** Invoking ptxas with version 12.4.131, which corresponds to a CUDA version <=12.6.2. CUDA versions 12.x.y up to and including 12.6.2 miscompile certain edge cases around clamping.
Please upgrade to CUDA 12.6.3 or newer.
E0702 06:50:50.072936 2057690 ptx_compiler_helpers.cc:157] *** WARNING *** Invoking ptxas with version 12.4.131, which corresponds to a CUDA version <=12.6.2. CUDA versions 12.x.y up to and including 12.6.2 miscompile certain edge cases around clamping.
Please upgrade to CUDA 12.6.3 or newer.
E0702 06:50:50.072938 2057691 ptx_compiler_helpers.cc:157] *** WARNING *** Invoking ptxas with version 12.4.131, which corresponds to a CUDA version <=12.6.2. CUDA versions 12.x.y up to and including 12.6.2 miscompile certain edge cases around clamping.
Please upgrade to CUDA 12.6.3 or newer.
E0702 06:50:50.098511 2694288 ptx_compiler_helpers.cc:157] *** WARNING *** Invoking ptxas with version 12.4.131, which corresponds to a CUDA version <=12.6.2. CUDA versions 12.x.y up to and including 12.6.2 miscompile certain edge cases around clamping.
Please upgrade to CUDA 12.6.3 or newer.
E0702 06:50:50.098505 2694289 ptx_compiler_helpers.cc:157] *** WARNING *** Invoking ptxas with version 12.4.131, which corresponds to a CUDA version <=12.6.2. CUDA versions 12.x.y up to and including 12.6.2 miscompile certain edge cases around clamping.
Please upgrade to CUDA 12.6.3 or newer.
E0702 06:50:50.098508 2694290 ptx_compiler_helpers.cc:157] *** WARNING *** Invoking ptxas with version 12.4.131, which corresponds to a CUDA version <=12.6.2. CUDA versions 12.x.y up to and including 12.6.2 miscompile certain edge cases around clamping.
Please upgrade to CUDA 12.6.3 or newer.
E0702 06:50:50.098507 2694291 ptx_compiler_helpers.cc:157] *** WARNING *** Invoking ptxas with version 12.4.131, which corresponds to a CUDA version <=12.6.2. CUDA versions 12.x.y up to and including 12.6.2 miscompile certain edge cases around clamping.
Please upgrade to CUDA 12.6.3 or newer.
E0702 06:50:50.123318 1610951 ptx_compiler_helpers.cc:157] *** WARNING *** Invoking ptxas with version 12.4.131, which corresponds to a CUDA version <=12.6.2. CUDA versions 12.x.y up to and including 12.6.2 miscompile certain edge cases around clamping.
Please upgrade to CUDA 12.6.3 or newer.
E0702 06:50:50.123318 1610952 ptx_compiler_helpers.cc:157] *** WARNING *** Invoking ptxas with version 12.4.131, which corresponds to a CUDA version <=12.6.2. CUDA versions 12.x.y up to and including 12.6.2 miscompile certain edge cases around clamping.
Please upgrade to CUDA 12.6.3 or newer.
E0702 06:50:50.123318 1610954 ptx_compiler_helpers.cc:157] *** WARNING *** Invoking ptxas with version 12.4.131, which corresponds to a CUDA version <=12.6.2. CUDA versions 12.x.y up to and including 12.6.2 miscompile certain edge cases around clamping.
Please upgrade to CUDA 12.6.3 or newer.
E0702 06:50:50.123323 1610953 ptx_compiler_helpers.cc:157] *** WARNING *** Invoking ptxas with version 12.4.131, which corresponds to a CUDA version <=12.6.2. CUDA versions 12.x.y up to and including 12.6.2 miscompile certain edge cases around clamping.
Please upgrade to CUDA 12.6.3 or newer.
W0702 06:50:51.805515 1420001 sharding_propagation.cc:3130] GSPMD sharding propagation is going to be deprecated and not supported in the future. Please consider migrating to Shardy (https://openxla.org/shardy). For reference, Shardy is already the default partitioner in JAX.
W0702 06:50:51.812313 1420003 sharding_propagation.cc:3130] GSPMD sharding propagation is going to be deprecated and not supported in the future. Please consider migrating to Shardy (https://openxla.org/shardy). For reference, Shardy is already the default partitioner in JAX.
W0702 06:50:51.813260 1420000 sharding_propagation.cc:3130] GSPMD sharding propagation is going to be deprecated and not supported in the future. Please consider migrating to Shardy (https://openxla.org/shardy). For reference, Shardy is already the default partitioner in JAX.
W0702 06:50:51.813602 1420002 sharding_propagation.cc:3130] GSPMD sharding propagation is going to be deprecated and not supported in the future. Please consider migrating to Shardy (https://openxla.org/shardy). For reference, Shardy is already the default partitioner in JAX.
W0702 06:50:51.814065 2057688 sharding_propagation.cc:3130] GSPMD sharding propagation is going to be deprecated and not supported in the future. Please consider migrating to Shardy (https://openxla.org/shardy). For reference, Shardy is already the default partitioner in JAX.
W0702 06:50:51.815560 2057690 sharding_propagation.cc:3130] GSPMD sharding propagation is going to be deprecated and not supported in the future. Please consider migrating to Shardy (https://openxla.org/shardy). For reference, Shardy is already the default partitioner in JAX.
W0702 06:50:51.815563 2057689 sharding_propagation.cc:3130] GSPMD sharding propagation is going to be deprecated and not supported in the future. Please consider migrating to Shardy (https://openxla.org/shardy). For reference, Shardy is already the default partitioner in JAX.
W0702 06:50:51.815605 2057691 sharding_propagation.cc:3130] GSPMD sharding propagation is going to be deprecated and not supported in the future. Please consider migrating to Shardy (https://openxla.org/shardy). For reference, Shardy is already the default partitioner in JAX.
W0702 06:50:52.000158 1420001 sharding_propagation.cc:3130] GSPMD sharding propagation is going to be deprecated and not supported in the future. Please consider migrating to Shardy (https://openxla.org/shardy). For reference, Shardy is already the default partitioner in JAX.
W0702 06:50:52.011243 1420003 sharding_propagation.cc:3130] GSPMD sharding propagation is going to be deprecated and not supported in the future. Please consider migrating to Shardy (https://openxla.org/shardy). For reference, Shardy is already the default partitioner in JAX.
W0702 06:50:52.014485 1420000 sharding_propagation.cc:3130] GSPMD sharding propagation is going to be deprecated and not supported in the future. Please consider migrating to Shardy (https://openxla.org/shardy). For reference, Shardy is already the default partitioner in JAX.
W0702 06:50:52.016884 1420002 sharding_propagation.cc:3130] GSPMD sharding propagation is going to be deprecated and not supported in the future. Please consider migrating to Shardy (https://openxla.org/shardy). For reference, Shardy is already the default partitioner in JAX.
W0702 06:50:52.019284 2057690 sharding_propagation.cc:3130] GSPMD sharding propagation is going to be deprecated and not supported in the future. Please consider migrating to Shardy (https://openxla.org/shardy). For reference, Shardy is already the default partitioner in JAX.
W0702 06:50:52.021290 2057688 sharding_propagation.cc:3130] GSPMD sharding propagation is going to be deprecated and not supported in the future. Please consider migrating to Shardy (https://openxla.org/shardy). For reference, Shardy is already the default partitioner in JAX.
W0702 06:50:52.025108 2057689 sharding_propagation.cc:3130] GSPMD sharding propagation is going to be deprecated and not supported in the future. Please consider migrating to Shardy (https://openxla.org/shardy). For reference, Shardy is already the default partitioner in JAX.
W0702 06:50:52.025095 2057691 sharding_propagation.cc:3130] GSPMD sharding propagation is going to be deprecated and not supported in the future. Please consider migrating to Shardy (https://openxla.org/shardy). For reference, Shardy is already the default partitioner in JAX.
W0702 06:50:52.164498 1610951 sharding_propagation.cc:3130] GSPMD sharding propagation is going to be deprecated and not supported in the future. Please consider migrating to Shardy (https://openxla.org/shardy). For reference, Shardy is already the default partitioner in JAX.
W0702 06:50:52.164486 1610952 sharding_propagation.cc:3130] GSPMD sharding propagation is going to be deprecated and not supported in the future. Please consider migrating to Shardy (https://openxla.org/shardy). For reference, Shardy is already the default partitioner in JAX.
W0702 06:50:52.164631 1610954 sharding_propagation.cc:3130] GSPMD sharding propagation is going to be deprecated and not supported in the future. Please consider migrating to Shardy (https://openxla.org/shardy). For reference, Shardy is already the default partitioner in JAX.
W0702 06:50:52.166787 1610953 sharding_propagation.cc:3130] GSPMD sharding propagation is going to be deprecated and not supported in the future. Please consider migrating to Shardy (https://openxla.org/shardy). For reference, Shardy is already the default partitioner in JAX.
W0702 06:50:52.174398 2694290 sharding_propagation.cc:3130] GSPMD sharding propagation is going to be deprecated and not supported in the future. Please consider migrating to Shardy (https://openxla.org/shardy). For reference, Shardy is already the default partitioner in JAX.
W0702 06:50:52.174506 2694288 sharding_propagation.cc:3130] GSPMD sharding propagation is going to be deprecated and not supported in the future. Please consider migrating to Shardy (https://openxla.org/shardy). For reference, Shardy is already the default partitioner in JAX.
W0702 06:50:52.174649 2694289 sharding_propagation.cc:3130] GSPMD sharding propagation is going to be deprecated and not supported in the future. Please consider migrating to Shardy (https://openxla.org/shardy). For reference, Shardy is already the default partitioner in JAX.
W0702 06:50:52.175032 2694291 sharding_propagation.cc:3130] GSPMD sharding propagation is going to be deprecated and not supported in the future. Please consider migrating to Shardy (https://openxla.org/shardy). For reference, Shardy is already the default partitioner in JAX.
W0702 06:50:52.407206 1610953 sharding_propagation.cc:3130] GSPMD sharding propagation is going to be deprecated and not supported in the future. Please consider migrating to Shardy (https://openxla.org/shardy). For reference, Shardy is already the default partitioner in JAX.
W0702 06:50:52.407584 1610952 sharding_propagation.cc:3130] GSPMD sharding propagation is going to be deprecated and not supported in the future. Please consider migrating to Shardy (https://openxla.org/shardy). For reference, Shardy is already the default partitioner in JAX.
W0702 06:50:52.411426 1610951 sharding_propagation.cc:3130] GSPMD sharding propagation is going to be deprecated and not supported in the future. Please consider migrating to Shardy (https://openxla.org/shardy). For reference, Shardy is already the default partitioner in JAX.
W0702 06:50:52.411426 1610954 sharding_propagation.cc:3130] GSPMD sharding propagation is going to be deprecated and not supported in the future. Please consider migrating to Shardy (https://openxla.org/shardy). For reference, Shardy is already the default partitioner in JAX.
W0702 06:50:52.428152 2694289 sharding_propagation.cc:3130] GSPMD sharding propagation is going to be deprecated and not supported in the future. Please consider migrating to Shardy (https://openxla.org/shardy). For reference, Shardy is already the default partitioner in JAX.
W0702 06:50:52.428634 2694290 sharding_propagation.cc:3130] GSPMD sharding propagation is going to be deprecated and not supported in the future. Please consider migrating to Shardy (https://openxla.org/shardy). For reference, Shardy is already the default partitioner in JAX.
W0702 06:50:52.430357 2694288 sharding_propagation.cc:3130] GSPMD sharding propagation is going to be deprecated and not supported in the future. Please consider migrating to Shardy (https://openxla.org/shardy). For reference, Shardy is already the default partitioner in JAX.
W0702 06:50:52.431293 2694291 sharding_propagation.cc:3130] GSPMD sharding propagation is going to be deprecated and not supported in the future. Please consider migrating to Shardy (https://openxla.org/shardy). For reference, Shardy is already the default partitioner in JAX.
W0702 06:50:55.075576 1610951 sharding_propagation.cc:3130] GSPMD sharding propagation is going to be deprecated and not supported in the future. Please consider migrating to Shardy (https://openxla.org/shardy). For reference, Shardy is already the default partitioner in JAX.
W0702 06:50:55.075576 1610954 sharding_propagation.cc:3130] GSPMD sharding propagation is going to be deprecated and not supported in the future. Please consider migrating to Shardy (https://openxla.org/shardy). For reference, Shardy is already the default partitioner in JAX.
W0702 06:50:55.075798 1420003 sharding_propagation.cc:3130] GSPMD sharding propagation is going to be deprecated and not supported in the future. Please consider migrating to Shardy (https://openxla.org/shardy). For reference, Shardy is already the default partitioner in JAX.
W0702 06:50:55.076106 2694289 sharding_propagation.cc:3130] GSPMD sharding propagation is going to be deprecated and not supported in the future. Please consider migrating to Shardy (https://openxla.org/shardy). For reference, Shardy is already the default partitioner in JAX.
W0702 06:50:55.076149 2694290 sharding_propagation.cc:3130] GSPMD sharding propagation is going to be deprecated and not supported in the future. Please consider migrating to Shardy (https://openxla.org/shardy). For reference, Shardy is already the default partitioner in JAX.
W0702 06:50:55.076291 1610952 sharding_propagation.cc:3130] GSPMD sharding propagation is going to be deprecated and not supported in the future. Please consider migrating to Shardy (https://openxla.org/shardy). For reference, Shardy is already the default partitioner in JAX.
W0702 06:50:55.076284 1420001 sharding_propagation.cc:3130] GSPMD sharding propagation is going to be deprecated and not supported in the future. Please consider migrating to Shardy (https://openxla.org/shardy). For reference, Shardy is already the default partitioner in JAX.
W0702 06:50:55.076316 1420000 sharding_propagation.cc:3130] GSPMD sharding propagation is going to be deprecated and not supported in the future. Please consider migrating to Shardy (https://openxla.org/shardy). For reference, Shardy is already the default partitioner in JAX.
W0702 06:50:55.076776 2694288 sharding_propagation.cc:3130] GSPMD sharding propagation is going to be deprecated and not supported in the future. Please consider migrating to Shardy (https://openxla.org/shardy). For reference, Shardy is already the default partitioner in JAX.
W0702 06:50:55.076793 2694291 sharding_propagation.cc:3130] GSPMD sharding propagation is going to be deprecated and not supported in the future. Please consider migrating to Shardy (https://openxla.org/shardy). For reference, Shardy is already the default partitioner in JAX.
W0702 06:50:55.076747 1420002 sharding_propagation.cc:3130] GSPMD sharding propagation is going to be deprecated and not supported in the future. Please consider migrating to Shardy (https://openxla.org/shardy). For reference, Shardy is already the default partitioner in JAX.
W0702 06:50:55.077298 2057689 sharding_propagation.cc:3130] GSPMD sharding propagation is going to be deprecated and not supported in the future. Please consider migrating to Shardy (https://openxla.org/shardy). For reference, Shardy is already the default partitioner in JAX.
W0702 06:50:55.077334 2057691 sharding_propagation.cc:3130] GSPMD sharding propagation is going to be deprecated and not supported in the future. Please consider migrating to Shardy (https://openxla.org/shardy). For reference, Shardy is already the default partitioner in JAX.
W0702 06:50:55.077747 2057688 sharding_propagation.cc:3130] GSPMD sharding propagation is going to be deprecated and not supported in the future. Please consider migrating to Shardy (https://openxla.org/shardy). For reference, Shardy is already the default partitioner in JAX.
W0702 06:50:55.077766 2057690 sharding_propagation.cc:3130] GSPMD sharding propagation is going to be deprecated and not supported in the future. Please consider migrating to Shardy (https://openxla.org/shardy). For reference, Shardy is already the default partitioner in JAX.
W0702 06:50:55.080353 1610953 sharding_propagation.cc:3130] GSPMD sharding propagation is going to be deprecated and not supported in the future. Please consider migrating to Shardy (https://openxla.org/shardy). For reference, Shardy is already the default partitioner in JAX.
W0702 06:50:55.157213 1420003 sharding_propagation.cc:3130] GSPMD sharding propagation is going to be deprecated and not supported in the future. Please consider migrating to Shardy (https://openxla.org/shardy). For reference, Shardy is already the default partitioner in JAX.
W0702 06:50:55.157411 2694290 sharding_propagation.cc:3130] GSPMD sharding propagation is going to be deprecated and not supported in the future. Please consider migrating to Shardy (https://openxla.org/shardy). For reference, Shardy is already the default partitioner in JAX.
W0702 06:50:55.157344 1610954 sharding_propagation.cc:3130] GSPMD sharding propagation is going to be deprecated and not supported in the future. Please consider migrating to Shardy (https://openxla.org/shardy). For reference, Shardy is already the default partitioner in JAX.
W0702 06:50:55.157427 2057688 sharding_propagation.cc:3130] GSPMD sharding propagation is going to be deprecated and not supported in the future. Please consider migrating to Shardy (https://openxla.org/shardy). For reference, Shardy is already the default partitioner in JAX.
W0702 06:50:55.157461 2057689 sharding_propagation.cc:3130] GSPMD sharding propagation is going to be deprecated and not supported in the future. Please consider migrating to Shardy (https://openxla.org/shardy). For reference, Shardy is already the default partitioner in JAX.
W0702 06:50:55.157700 2694289 sharding_propagation.cc:3130] GSPMD sharding propagation is going to be deprecated and not supported in the future. Please consider migrating to Shardy (https://openxla.org/shardy). For reference, Shardy is already the default partitioner in JAX.
W0702 06:50:55.158295 1420001 sharding_propagation.cc:3130] GSPMD sharding propagation is going to be deprecated and not supported in the future. Please consider migrating to Shardy (https://openxla.org/shardy). For reference, Shardy is already the default partitioner in JAX.
W0702 06:50:55.158453 1610952 sharding_propagation.cc:3130] GSPMD sharding propagation is going to be deprecated and not supported in the future. Please consider migrating to Shardy (https://openxla.org/shardy). For reference, Shardy is already the default partitioner in JAX.
W0702 06:50:55.158441 1420002 sharding_propagation.cc:3130] GSPMD sharding propagation is going to be deprecated and not supported in the future. Please consider migrating to Shardy (https://openxla.org/shardy). For reference, Shardy is already the default partitioner in JAX.
W0702 06:50:55.158794 2694288 sharding_propagation.cc:3130] GSPMD sharding propagation is going to be deprecated and not supported in the future. Please consider migrating to Shardy (https://openxla.org/shardy). For reference, Shardy is already the default partitioner in JAX.
W0702 06:50:55.158952 2694291 sharding_propagation.cc:3130] GSPMD sharding propagation is going to be deprecated and not supported in the future. Please consider migrating to Shardy (https://openxla.org/shardy). For reference, Shardy is already the default partitioner in JAX.
W0702 06:50:55.159010 2057690 sharding_propagation.cc:3130] GSPMD sharding propagation is going to be deprecated and not supported in the future. Please consider migrating to Shardy (https://openxla.org/shardy). For reference, Shardy is already the default partitioner in JAX.
W0702 06:50:55.159010 2057691 sharding_propagation.cc:3130] GSPMD sharding propagation is going to be deprecated and not supported in the future. Please consider migrating to Shardy (https://openxla.org/shardy). For reference, Shardy is already the default partitioner in JAX.
W0702 06:50:55.159188 1610951 sharding_propagation.cc:3130] GSPMD sharding propagation is going to be deprecated and not supported in the future. Please consider migrating to Shardy (https://openxla.org/shardy). For reference, Shardy is already the default partitioner in JAX.
W0702 06:50:55.159272 1610953 sharding_propagation.cc:3130] GSPMD sharding propagation is going to be deprecated and not supported in the future. Please consider migrating to Shardy (https://openxla.org/shardy). For reference, Shardy is already the default partitioner in JAX.
W0702 06:50:55.159498 1420000 sharding_propagation.cc:3130] GSPMD sharding propagation is going to be deprecated and not supported in the future. Please consider migrating to Shardy (https://openxla.org/shardy). For reference, Shardy is already the default partitioner in JAX.
W0702 06:50:56.060452 1610951 sharding_propagation.cc:3130] GSPMD sharding propagation is going to be deprecated and not supported in the future. Please consider migrating to Shardy (https://openxla.org/shardy). For reference, Shardy is already the default partitioner in JAX.
W0702 06:50:56.063848 2057689 sharding_propagation.cc:3130] GSPMD sharding propagation is going to be deprecated and not supported in the future. Please consider migrating to Shardy (https://openxla.org/shardy). For reference, Shardy is already the default partitioner in JAX.
W0702 06:50:56.064224 2694289 sharding_propagation.cc:3130] GSPMD sharding propagation is going to be deprecated and not supported in the future. Please consider migrating to Shardy (https://openxla.org/shardy). For reference, Shardy is already the default partitioner in JAX.
W0702 06:50:56.066361 2694290 sharding_propagation.cc:3130] GSPMD sharding propagation is going to be deprecated and not supported in the future. Please consider migrating to Shardy (https://openxla.org/shardy). For reference, Shardy is already the default partitioner in JAX.
W0702 06:50:56.066859 1610954 sharding_propagation.cc:3130] GSPMD sharding propagation is going to be deprecated and not supported in the future. Please consider migrating to Shardy (https://openxla.org/shardy). For reference, Shardy is already the default partitioner in JAX.
W0702 06:50:56.067164 1420001 sharding_propagation.cc:3130] GSPMD sharding propagation is going to be deprecated and not supported in the future. Please consider migrating to Shardy (https://openxla.org/shardy). For reference, Shardy is already the default partitioner in JAX.
W0702 06:50:56.071785 2057688 sharding_propagation.cc:3130] GSPMD sharding propagation is going to be deprecated and not supported in the future. Please consider migrating to Shardy (https://openxla.org/shardy). For reference, Shardy is already the default partitioner in JAX.
W0702 06:50:56.072510 1420003 sharding_propagation.cc:3130] GSPMD sharding propagation is going to be deprecated and not supported in the future. Please consider migrating to Shardy (https://openxla.org/shardy). For reference, Shardy is already the default partitioner in JAX.
W0702 06:50:56.083329 2057690 sharding_propagation.cc:3130] GSPMD sharding propagation is going to be deprecated and not supported in the future. Please consider migrating to Shardy (https://openxla.org/shardy). For reference, Shardy is already the default partitioner in JAX.
W0702 06:50:56.085511 1610953 sharding_propagation.cc:3130] GSPMD sharding propagation is going to be deprecated and not supported in the future. Please consider migrating to Shardy (https://openxla.org/shardy). For reference, Shardy is already the default partitioner in JAX.
W0702 06:50:56.102560 1610951 hlo_rematerialization.cc:3233] Can't reduce memory use below 81.86GiB (87894663522 bytes) by rematerialization; only reduced to 91.88GiB (98650030488 bytes), down from 91.88GiB (98650030492 bytes) originally
W0702 06:50:56.105428 1420000 sharding_propagation.cc:3130] GSPMD sharding propagation is going to be deprecated and not supported in the future. Please consider migrating to Shardy (https://openxla.org/shardy). For reference, Shardy is already the default partitioner in JAX.
W0702 06:50:56.105813 2694289 hlo_rematerialization.cc:3233] Can't reduce memory use below 81.86GiB (87894663522 bytes) by rematerialization; only reduced to 91.88GiB (98650030488 bytes), down from 91.88GiB (98650030492 bytes) originally
W0702 06:50:56.105963 2057689 hlo_rematerialization.cc:3233] Can't reduce memory use below 81.86GiB (87894663522 bytes) by rematerialization; only reduced to 91.88GiB (98650030488 bytes), down from 91.88GiB (98650030492 bytes) originally
W0702 06:50:56.108233 2694290 hlo_rematerialization.cc:3233] Can't reduce memory use below 81.86GiB (87894663522 bytes) by rematerialization; only reduced to 91.88GiB (98650030488 bytes), down from 91.88GiB (98650030492 bytes) originally
W0702 06:50:56.109160 1610954 hlo_rematerialization.cc:3233] Can't reduce memory use below 81.86GiB (87894663522 bytes) by rematerialization; only reduced to 91.88GiB (98650030488 bytes), down from 91.88GiB (98650030492 bytes) originally
W0702 06:50:56.110314 1420001 hlo_rematerialization.cc:3233] Can't reduce memory use below 81.86GiB (87894663522 bytes) by rematerialization; only reduced to 91.88GiB (98650030488 bytes), down from 91.88GiB (98650030492 bytes) originally
W0702 06:50:56.115084 2057688 hlo_rematerialization.cc:3233] Can't reduce memory use below 81.86GiB (87894663522 bytes) by rematerialization; only reduced to 91.88GiB (98650030488 bytes), down from 91.88GiB (98650030492 bytes) originally
W0702 06:50:56.115469 1420003 hlo_rematerialization.cc:3233] Can't reduce memory use below 81.86GiB (87894663522 bytes) by rematerialization; only reduced to 91.88GiB (98650030488 bytes), down from 91.88GiB (98650030492 bytes) originally
W0702 06:50:56.120565 2057691 sharding_propagation.cc:3130] GSPMD sharding propagation is going to be deprecated and not supported in the future. Please consider migrating to Shardy (https://openxla.org/shardy). For reference, Shardy is already the default partitioner in JAX.
W0702 06:50:56.124247 2694288 sharding_propagation.cc:3130] GSPMD sharding propagation is going to be deprecated and not supported in the future. Please consider migrating to Shardy (https://openxla.org/shardy). For reference, Shardy is already the default partitioner in JAX.
W0702 06:50:56.124802 2057690 hlo_rematerialization.cc:3233] Can't reduce memory use below 81.86GiB (87894663522 bytes) by rematerialization; only reduced to 91.88GiB (98650030488 bytes), down from 91.88GiB (98650030492 bytes) originally
W0702 06:50:56.128218 1610953 hlo_rematerialization.cc:3233] Can't reduce memory use below 81.86GiB (87894663522 bytes) by rematerialization; only reduced to 91.88GiB (98650030488 bytes), down from 91.88GiB (98650030492 bytes) originally
W0702 06:50:56.145286 1420002 sharding_propagation.cc:3130] GSPMD sharding propagation is going to be deprecated and not supported in the future. Please consider migrating to Shardy (https://openxla.org/shardy). For reference, Shardy is already the default partitioner in JAX.
W0702 06:50:56.148203 1420000 hlo_rematerialization.cc:3233] Can't reduce memory use below 81.86GiB (87894663522 bytes) by rematerialization; only reduced to 91.88GiB (98650030488 bytes), down from 91.88GiB (98650030492 bytes) originally
W0702 06:50:56.155698 2694291 sharding_propagation.cc:3130] GSPMD sharding propagation is going to be deprecated and not supported in the future. Please consider migrating to Shardy (https://openxla.org/shardy). For reference, Shardy is already the default partitioner in JAX.
W0702 06:50:56.164397 2057691 hlo_rematerialization.cc:3233] Can't reduce memory use below 81.86GiB (87894663522 bytes) by rematerialization; only reduced to 91.88GiB (98650030488 bytes), down from 91.88GiB (98650030492 bytes) originally
W0702 06:50:56.166983 2694288 hlo_rematerialization.cc:3233] Can't reduce memory use below 81.86GiB (87894663522 bytes) by rematerialization; only reduced to 91.88GiB (98650030488 bytes), down from 91.88GiB (98650030492 bytes) originally
W0702 06:50:56.167412 1610952 sharding_propagation.cc:3130] GSPMD sharding propagation is going to be deprecated and not supported in the future. Please consider migrating to Shardy (https://openxla.org/shardy). For reference, Shardy is already the default partitioner in JAX.
W0702 06:50:56.188215 1420002 hlo_rematerialization.cc:3233] Can't reduce memory use below 81.86GiB (87894663522 bytes) by rematerialization; only reduced to 91.88GiB (98650030488 bytes), down from 91.88GiB (98650030492 bytes) originally
W0702 06:50:56.198296 2694291 hlo_rematerialization.cc:3233] Can't reduce memory use below 81.86GiB (87894663522 bytes) by rematerialization; only reduced to 91.88GiB (98650030488 bytes), down from 91.88GiB (98650030492 bytes) originally
W0702 06:50:56.208718 1610952 hlo_rematerialization.cc:3233] Can't reduce memory use below 81.86GiB (87894663522 bytes) by rematerialization; only reduced to 91.88GiB (98650030488 bytes), down from 91.88GiB (98650030492 bytes) originally
W0702 06:51:29.329534 2694291 sharding_propagation.cc:3130] GSPMD sharding propagation is going to be deprecated and not supported in the future. Please consider migrating to Shardy (https://openxla.org/shardy). For reference, Shardy is already the default partitioner in JAX.
W0702 06:51:29.330085 1420000 sharding_propagation.cc:3130] GSPMD sharding propagation is going to be deprecated and not supported in the future. Please consider migrating to Shardy (https://openxla.org/shardy). For reference, Shardy is already the default partitioner in JAX.
W0702 06:51:29.338421 2694290 sharding_propagation.cc:3130] GSPMD sharding propagation is going to be deprecated and not supported in the future. Please consider migrating to Shardy (https://openxla.org/shardy). For reference, Shardy is already the default partitioner in JAX.
W0702 06:51:29.340278 1420001 sharding_propagation.cc:3130] GSPMD sharding propagation is going to be deprecated and not supported in the future. Please consider migrating to Shardy (https://openxla.org/shardy). For reference, Shardy is already the default partitioner in JAX.
W0702 06:51:29.348555 2694289 sharding_propagation.cc:3130] GSPMD sharding propagation is going to be deprecated and not supported in the future. Please consider migrating to Shardy (https://openxla.org/shardy). For reference, Shardy is already the default partitioner in JAX.
W0702 06:51:29.349829 1420002 sharding_propagation.cc:3130] GSPMD sharding propagation is going to be deprecated and not supported in the future. Please consider migrating to Shardy (https://openxla.org/shardy). For reference, Shardy is already the default partitioner in JAX.
W0702 06:51:29.357155 2694288 sharding_propagation.cc:3130] GSPMD sharding propagation is going to be deprecated and not supported in the future. Please consider migrating to Shardy (https://openxla.org/shardy). For reference, Shardy is already the default partitioner in JAX.
W0702 06:51:29.357678 1610951 sharding_propagation.cc:3130] GSPMD sharding propagation is going to be deprecated and not supported in the future. Please consider migrating to Shardy (https://openxla.org/shardy). For reference, Shardy is already the default partitioner in JAX.
W0702 06:51:29.358387 1420003 sharding_propagation.cc:3130] GSPMD sharding propagation is going to be deprecated and not supported in the future. Please consider migrating to Shardy (https://openxla.org/shardy). For reference, Shardy is already the default partitioner in JAX.
W0702 06:51:29.359009 2057691 sharding_propagation.cc:3130] GSPMD sharding propagation is going to be deprecated and not supported in the future. Please consider migrating to Shardy (https://openxla.org/shardy). For reference, Shardy is already the default partitioner in JAX.
W0702 06:51:29.367272 2057690 sharding_propagation.cc:3130] GSPMD sharding propagation is going to be deprecated and not supported in the future. Please consider migrating to Shardy (https://openxla.org/shardy). For reference, Shardy is already the default partitioner in JAX.
W0702 06:51:29.369302 1610952 sharding_propagation.cc:3130] GSPMD sharding propagation is going to be deprecated and not supported in the future. Please consider migrating to Shardy (https://openxla.org/shardy). For reference, Shardy is already the default partitioner in JAX.
W0702 06:51:29.377259 2057689 sharding_propagation.cc:3130] GSPMD sharding propagation is going to be deprecated and not supported in the future. Please consider migrating to Shardy (https://openxla.org/shardy). For reference, Shardy is already the default partitioner in JAX.
W0702 06:51:29.377648 1610953 sharding_propagation.cc:3130] GSPMD sharding propagation is going to be deprecated and not supported in the future. Please consider migrating to Shardy (https://openxla.org/shardy). For reference, Shardy is already the default partitioner in JAX.
W0702 06:51:29.383170 2057688 sharding_propagation.cc:3130] GSPMD sharding propagation is going to be deprecated and not supported in the future. Please consider migrating to Shardy (https://openxla.org/shardy). For reference, Shardy is already the default partitioner in JAX.
W0702 06:51:29.385171 1610954 sharding_propagation.cc:3130] GSPMD sharding propagation is going to be deprecated and not supported in the future. Please consider migrating to Shardy (https://openxla.org/shardy). For reference, Shardy is already the default partitioner in JAX.
W0702 06:51:29.422836 2057689 sharding_propagation.cc:3130] GSPMD sharding propagation is going to be deprecated and not supported in the future. Please consider migrating to Shardy (https://openxla.org/shardy). For reference, Shardy is already the default partitioner in JAX.
W0702 06:51:29.422834 1610954 sharding_propagation.cc:3130] GSPMD sharding propagation is going to be deprecated and not supported in the future. Please consider migrating to Shardy (https://openxla.org/shardy). For reference, Shardy is already the default partitioner in JAX.
W0702 06:51:29.423431 1610951 sharding_propagation.cc:3130] GSPMD sharding propagation is going to be deprecated and not supported in the future. Please consider migrating to Shardy (https://openxla.org/shardy). For reference, Shardy is already the default partitioner in JAX.
W0702 06:51:29.423825 1610953 sharding_propagation.cc:3130] GSPMD sharding propagation is going to be deprecated and not supported in the future. Please consider migrating to Shardy (https://openxla.org/shardy). For reference, Shardy is already the default partitioner in JAX.
W0702 06:51:29.423802 1420003 sharding_propagation.cc:3130] GSPMD sharding propagation is going to be deprecated and not supported in the future. Please consider migrating to Shardy (https://openxla.org/shardy). For reference, Shardy is already the default partitioner in JAX.
W0702 06:51:29.424109 2694288 sharding_propagation.cc:3130] GSPMD sharding propagation is going to be deprecated and not supported in the future. Please consider migrating to Shardy (https://openxla.org/shardy). For reference, Shardy is already the default partitioner in JAX.
W0702 06:51:29.424050 1610952 sharding_propagation.cc:3130] GSPMD sharding propagation is going to be deprecated and not supported in the future. Please consider migrating to Shardy (https://openxla.org/shardy). For reference, Shardy is already the default partitioner in JAX.
W0702 06:51:29.424122 2057690 sharding_propagation.cc:3130] GSPMD sharding propagation is going to be deprecated and not supported in the future. Please consider migrating to Shardy (https://openxla.org/shardy). For reference, Shardy is already the default partitioner in JAX.
W0702 06:51:29.424063 1420002 sharding_propagation.cc:3130] GSPMD sharding propagation is going to be deprecated and not supported in the future. Please consider migrating to Shardy (https://openxla.org/shardy). For reference, Shardy is already the default partitioner in JAX.
W0702 06:51:29.424361 2694289 sharding_propagation.cc:3130] GSPMD sharding propagation is going to be deprecated and not supported in the future. Please consider migrating to Shardy (https://openxla.org/shardy). For reference, Shardy is already the default partitioner in JAX.
W0702 06:51:29.424415 2694290 sharding_propagation.cc:3130] GSPMD sharding propagation is going to be deprecated and not supported in the future. Please consider migrating to Shardy (https://openxla.org/shardy). For reference, Shardy is already the default partitioner in JAX.
W0702 06:51:29.424449 2057691 sharding_propagation.cc:3130] GSPMD sharding propagation is going to be deprecated and not supported in the future. Please consider migrating to Shardy (https://openxla.org/shardy). For reference, Shardy is already the default partitioner in JAX.
W0702 06:51:29.424538 1420000 sharding_propagation.cc:3130] GSPMD sharding propagation is going to be deprecated and not supported in the future. Please consider migrating to Shardy (https://openxla.org/shardy). For reference, Shardy is already the default partitioner in JAX.
W0702 06:51:29.424762 2694291 sharding_propagation.cc:3130] GSPMD sharding propagation is going to be deprecated and not supported in the future. Please consider migrating to Shardy (https://openxla.org/shardy). For reference, Shardy is already the default partitioner in JAX.
W0702 06:51:29.424680 1420001 sharding_propagation.cc:3130] GSPMD sharding propagation is going to be deprecated and not supported in the future. Please consider migrating to Shardy (https://openxla.org/shardy). For reference, Shardy is already the default partitioner in JAX.
W0702 06:51:29.458624 2057688 sharding_propagation.cc:3130] GSPMD sharding propagation is going to be deprecated and not supported in the future. Please consider migrating to Shardy (https://openxla.org/shardy). For reference, Shardy is already the default partitioner in JAX.
W0702 06:51:29.498180 2058773 pjrt_client.cc:1604] WatchJobStateAsync failed for task 0: UNAVAILABLE: failed to connect to all addresses; last error: UNKNOWN: ipv4:10.0.4.102:62079: Failed to connect to remote host: Connection refused
Additional GRPC error information from remote target coordination_service while calling /tensorflow.CoordinationService/WatchJobState:
:UNKNOWN:Error received from peer  {grpc_message:"failed to connect to all addresses; last error: UNKNOWN: ipv4:10.0.4.102:62079: Failed to connect to remote host: Connection refused", grpc_status:14}
W0702 06:51:29.498268 2058772 pjrt_client.cc:1604] WatchJobStateAsync failed for task 3: UNAVAILABLE: failed to connect to all addresses; last error: UNKNOWN: ipv4:10.0.4.102:62079: Failed to connect to remote host: Connection refused
Additional GRPC error information from remote target coordination_service while calling /tensorflow.CoordinationService/WatchJobState:
:UNKNOWN:Error received from peer  {grpc_message:"failed to connect to all addresses; last error: UNKNOWN: ipv4:10.0.4.102:62079: Failed to connect to remote host: Connection refused", grpc_status:14}
W0702 06:51:29.498310 1420950 pjrt_client.cc:1604] WatchJobStateAsync failed for task 8: UNAVAILABLE: failed to connect to all addresses; last error: UNKNOWN: ipv4:10.0.4.102:62079: Failed to connect to remote host: Connection refused
Additional GRPC error information from remote target coordination_service while calling /tensorflow.CoordinationService/WatchJobState:
:UNKNOWN:Error received from peer  {grpc_status:14, grpc_message:"failed to connect to all addresses; last error: UNKNOWN: ipv4:10.0.4.102:62079: Failed to connect to remote host: Connection refused"}
W0702 06:51:29.498366 2058774 pjrt_client.cc:1604] WatchJobStateAsync failed for task 1: UNAVAILABLE: failed to connect to all addresses; last error: UNKNOWN: ipv4:10.0.4.102:62079: Failed to connect to remote host: Connection refused
Additional GRPC error information from remote target coordination_service while calling /tensorflow.CoordinationService/WatchJobState:
:UNKNOWN:Error received from peer  {grpc_status:14, grpc_message:"failed to connect to all addresses; last error: UNKNOWN: ipv4:10.0.4.102:62079: Failed to connect to remote host: Connection refused"}
W0702 06:51:29.498374 2058775 pjrt_client.cc:1604] WatchJobStateAsync failed for task 2: UNAVAILABLE: failed to connect to all addresses; last error: UNKNOWN: ipv4:10.0.4.102:62079: Failed to connect to remote host: Connection refused
Additional GRPC error information from remote target coordination_service while calling /tensorflow.CoordinationService/WatchJobState:
:UNKNOWN:Error received from peer  {grpc_message:"failed to connect to all addresses; last error: UNKNOWN: ipv4:10.0.4.102:62079: Failed to connect to remote host: Connection refused", grpc_status:14}
W0702 06:51:29.498476 1420953 pjrt_client.cc:1604] WatchJobStateAsync failed for task 10: UNAVAILABLE: failed to connect to all addresses; last error: UNKNOWN: ipv4:10.0.4.102:62079: Failed to connect to remote host: Connection refused
Additional GRPC error information from remote target coordination_service while calling /tensorflow.CoordinationService/WatchJobState:
:UNKNOWN:Error received from peer  {grpc_status:14, grpc_message:"failed to connect to all addresses; last error: UNKNOWN: ipv4:10.0.4.102:62079: Failed to connect to remote host: Connection refused"}
W0702 06:51:29.498655 2695239 pjrt_client.cc:1604] WatchJobStateAsync failed for task 4: UNAVAILABLE: failed to connect to all addresses; last error: UNKNOWN: ipv4:10.0.4.102:62079: Failed to connect to remote host: Connection refused
Additional GRPC error information from remote target coordination_service while calling /tensorflow.CoordinationService/WatchJobState:
:UNKNOWN:Error received from peer  {grpc_message:"failed to connect to all addresses; last error: UNKNOWN: ipv4:10.0.4.102:62079: Failed to connect to remote host: Connection refused", grpc_status:14}
W0702 06:51:29.498524 1420952 pjrt_client.cc:1604] WatchJobStateAsync failed for task 11: UNAVAILABLE: failed to connect to all addresses; last error: UNKNOWN: ipv4:10.0.4.102:62079: Failed to connect to remote host: Connection refused
Additional GRPC error information from remote target coordination_service while calling /tensorflow.CoordinationService/WatchJobState:
:UNKNOWN:Error received from peer  {grpc_status:14, grpc_message:"failed to connect to all addresses; last error: UNKNOWN: ipv4:10.0.4.102:62079: Failed to connect to remote host: Connection refused"}
W0702 06:51:29.498582 1420951 pjrt_client.cc:1604] WatchJobStateAsync failed for task 9: UNAVAILABLE: failed to connect to all addresses; last error: UNKNOWN: ipv4:10.0.4.102:62079: Failed to connect to remote host: Connection refused
Additional GRPC error information from remote target coordination_service while calling /tensorflow.CoordinationService/WatchJobState:
:UNKNOWN:Error received from peer  {grpc_status:14, grpc_message:"failed to connect to all addresses; last error: UNKNOWN: ipv4:10.0.4.102:62079: Failed to connect to remote host: Connection refused"}
W0702 06:51:29.498695 2695238 pjrt_client.cc:1604] WatchJobStateAsync failed for task 5: UNAVAILABLE: failed to connect to all addresses; last error: UNKNOWN: ipv4:10.0.4.102:62079: Failed to connect to remote host: Connection refused
Additional GRPC error information from remote target coordination_service while calling /tensorflow.CoordinationService/WatchJobState:
:UNKNOWN:Error received from peer  {grpc_status:14, grpc_message:"failed to connect to all addresses; last error: UNKNOWN: ipv4:10.0.4.102:62079: Failed to connect to remote host: Connection refused"}
W0702 06:51:29.498702 2695237 pjrt_client.cc:1604] WatchJobStateAsync failed for task 6: UNAVAILABLE: failed to connect to all addresses; last error: UNKNOWN: ipv4:10.0.4.102:62079: Failed to connect to remote host: Connection refused
Additional GRPC error information from remote target coordination_service while calling /tensorflow.CoordinationService/WatchJobState:
:UNKNOWN:Error received from peer  {grpc_message:"failed to connect to all addresses; last error: UNKNOWN: ipv4:10.0.4.102:62079: Failed to connect to remote host: Connection refused", grpc_status:14}
W0702 06:51:29.498656 1611939 pjrt_client.cc:1604] WatchJobStateAsync failed for task 13: UNAVAILABLE: failed to connect to all addresses; last error: UNKNOWN: ipv4:10.0.4.102:62079: Failed to connect to remote host: Connection refused
Additional GRPC error information from remote target coordination_service while calling /tensorflow.CoordinationService/WatchJobState:
:UNKNOWN:Error received from peer  {grpc_status:14, grpc_message:"failed to connect to all addresses; last error: UNKNOWN: ipv4:10.0.4.102:62079: Failed to connect to remote host: Connection refused"}
W0702 06:51:29.498698 2695240 pjrt_client.cc:1604] WatchJobStateAsync failed for task 7: UNAVAILABLE: failed to connect to all addresses; last error: UNKNOWN: ipv4:10.0.4.102:62079: Failed to connect to remote host: Connection refused
Additional GRPC error information from remote target coordination_service while calling /tensorflow.CoordinationService/WatchJobState:
:UNKNOWN:Error received from peer  {grpc_status:14, grpc_message:"failed to connect to all addresses; last error: UNKNOWN: ipv4:10.0.4.102:62079: Failed to connect to remote host: Connection refused"}
W0702 06:51:29.498727 1611940 pjrt_client.cc:1604] WatchJobStateAsync failed for task 12: UNAVAILABLE: failed to connect to all addresses; last error: UNKNOWN: ipv4:10.0.4.102:62079: Failed to connect to remote host: Connection refused
Additional GRPC error information from remote target coordination_service while calling /tensorflow.CoordinationService/WatchJobState:
:UNKNOWN:Error received from peer  {grpc_message:"failed to connect to all addresses; last error: UNKNOWN: ipv4:10.0.4.102:62079: Failed to connect to remote host: Connection refused", grpc_status:14}
W0702 06:51:29.498851 1611941 pjrt_client.cc:1604] WatchJobStateAsync failed for task 14: UNAVAILABLE: failed to connect to all addresses; last error: UNKNOWN: ipv4:10.0.4.102:62079: Failed to connect to remote host: Connection refused
Additional GRPC error information from remote target coordination_service while calling /tensorflow.CoordinationService/WatchJobState:
:UNKNOWN:Error received from peer  {grpc_status:14, grpc_message:"failed to connect to all addresses; last error: UNKNOWN: ipv4:10.0.4.102:62079: Failed to connect to remote host: Connection refused"}
W0702 06:51:29.498848 1611938 pjrt_client.cc:1604] WatchJobStateAsync failed for task 15: UNAVAILABLE: failed to connect to all addresses; last error: UNKNOWN: ipv4:10.0.4.102:62079: Failed to connect to remote host: Connection refused
Additional GRPC error information from remote target coordination_service while calling /tensorflow.CoordinationService/WatchJobState:
:UNKNOWN:Error received from peer  {grpc_status:14, grpc_message:"failed to connect to all addresses; last error: UNKNOWN: ipv4:10.0.4.102:62079: Failed to connect to remote host: Connection refused"}
