=== job 4102172 on hkn0909 ===
partition: dev_accelerated-h100  nodes: 1  gpus(visible): 0,1,2,3
GPU 0: NVIDIA H100 (UUID: GPU-84eb54e7-70d4-11eb-0b8a-afaa19cd4aa2)
GPU 1: NVIDIA H100 (UUID: GPU-1de7caf2-ca30-4d72-bcc6-e0a2c0dd33b6)
GPU 2: NVIDIA H100 (UUID: GPU-42f3be1d-531f-d806-e2dd-665a79eb66ec)
GPU 3: NVIDIA H100 (UUID: GPU-65a6bd4f-1777-299c-cc2d-b508ef66cdd9)
############ probe G=1 (jax 0.9.2) ############
PROBE G=1 nonzero
############ probe G=2 (jax 0.9.2) ############
PROBE G=2 nonzero
############ probe G=4 (jax 0.9.2) ############
PROBE G=4 nonzero
DONE probe09

============================= JOB FEEDBACK =============================

Job ID: 4102172
Cluster: hk
User/Group: hd_bn306/hk-project-pai00101
Account: hk-project-pai00101
State: COMPLETED (exit code 0)
Partition: dev_accelerated-h100
Nodes: 1
Cores per node: 64
Nodelist: hkn0909
CPU Utilized: 00:00:06
CPU Efficiency: 0.20% of 00:49:04 core-walltime
Job Wall-clock time: 00:00:46
Starttime: Mon Jun 22 02:19:44 2026
Endtime: Mon Jun 22 02:20:30 2026
Memory Utilized: 48.29 MB
Memory Efficiency: 0.01% of 750.00 GB (750.00 GB/node)
Energy Consumed: 3260 Joule / 0.905555555555556 Watthours
Average node power draw: 70.8695652173913 Watt
